---
http_interactions:
- request:
    method: get
    uri: https://api.clever.com/v1.1/districts?ending_before=last&limit=1
    body:
      encoding: US-ASCII
      string: ''
    headers:
      Accept:
      - "*/*; q=0.5, application/xml"
      Accept-Encoding:
      - gzip, deflate
      Authorization:
      - Bearer DEMO_TOKEN
      User-Agent:
      - Ruby
  response:
    status:
      code: 200
      message: OK
    headers:
      Access-Control-Allow-Headers:
      - Content-Type,Authorization,X-Requested-With,Accept,Origin,Referer,User-Agent
      Access-Control-Allow-Methods:
      - GET,PATCH,POST,DELETE
      Access-Control-Allow-Origin:
      - "*"
      Content-Type:
      - application/json; charset=utf-8
      Date:
      - Wed, 23 Sep 2015 14:52:32 GMT
      X-Powered-By:
      - Express
      X-Ratelimit-Bucket:
      - bearer
      X-Ratelimit-Limit:
      - '1200'
      X-Ratelimit-Remaining:
      - '1199'
      X-Ratelimit-Reset:
      - '1443020012'
      Content-Length:
      - '287'
      Connection:
      - keep-alive
    body:
      encoding: UTF-8
      string: '{"data":[{"data":{"name":"Demo District","id":"4fd43cc56d11340000000005"},"uri":"/v1.1/districts/4fd43cc56d11340000000005"}],"links":[{"rel":"self","uri":"/v1.1/districts?ending_before=last&limit=1"},{"rel":"prev","uri":"/v1.1/districts?limit=1&ending_before=4fd43cc56d11340000000005"}]}'
    http_version:
  recorded_at: Wed, 23 Sep 2015 14:52:32 GMT
- request:
    method: get
    uri: https://api.clever.com/v1.1/districts?ending_before=last&limit=20
    body:
      encoding: US-ASCII
      string: ''
    headers:
      Accept:
      - "*/*; q=0.5, application/xml"
      Accept-Encoding:
      - gzip, deflate
      Authorization:
      - Bearer DEMO_TOKEN
      User-Agent:
      - Ruby
  response:
    status:
      code: 200
      message: OK
    headers:
      Access-Control-Allow-Headers:
      - Content-Type,Authorization,X-Requested-With,Accept,Origin,Referer,User-Agent
      Access-Control-Allow-Methods:
      - GET,PATCH,POST,DELETE
      Access-Control-Allow-Origin:
      - "*"
      Content-Type:
      - application/json; charset=utf-8
      Date:
      - Wed, 23 Sep 2015 14:52:33 GMT
      X-Powered-By:
      - Express
      X-Ratelimit-Bucket:
      - bearer
      X-Ratelimit-Limit:
      - '1200'
      X-Ratelimit-Remaining:
      - '1198'
      X-Ratelimit-Reset:
      - '1443020012'
      Content-Length:
      - '202'
      Connection:
      - keep-alive
    body:
      encoding: UTF-8
      string: '{"data":[{"data":{"name":"Demo District","id":"4fd43cc56d11340000000005"},"uri":"/v1.1/districts/4fd43cc56d11340000000005"}],"links":[{"rel":"self","uri":"/v1.1/districts?ending_before=last&limit=20"}]}'
    http_version:
  recorded_at: Wed, 23 Sep 2015 14:52:33 GMT
- request:
    method: get
    uri: https://api.clever.com/v1.1/schools?ending_before=last&limit=1
    body:
      encoding: US-ASCII
      string: ''
    headers:
      Accept:
      - "*/*; q=0.5, application/xml"
      Accept-Encoding:
      - gzip, deflate
      Authorization:
      - Bearer DEMO_TOKEN
      User-Agent:
      - Ruby
  response:
    status:
      code: 200
      message: OK
    headers:
      Access-Control-Allow-Headers:
      - Content-Type,Authorization,X-Requested-With,Accept,Origin,Referer,User-Agent
      Access-Control-Allow-Methods:
      - GET,PATCH,POST,DELETE
      Access-Control-Allow-Origin:
      - "*"
      Content-Type:
      - application/json; charset=utf-8
      Date:
      - Wed, 23 Sep 2015 14:52:33 GMT
      X-Powered-By:
      - Express
      X-Ratelimit-Bucket:
      - bearer
      X-Ratelimit-Limit:
      - '1200'
      X-Ratelimit-Remaining:
      - '1197'
      X-Ratelimit-Reset:
      - '1443020012'
      Content-Length:
      - '732'
      Connection:
      - keep-alive
    body:
      encoding: UTF-8
      string: '{"data":[{"data":{"created":"2014-02-26T21:14:56.671Z","district":"4fd43cc56d11340000000005","high_grade":"8","last_modified":"2014-02-26T21:14:56.673Z","location":{"address":"322
        Old Beach 88th Street","city":"Rockaway Beach","state":"NY","zip":"11693"},"low_grade":"6","name":"Clever
        Middle School","nces_id":"360001000000","phone":"(718) 555-8989","principal":{"name":"Leonard
        Springsteen","email":"lspringsteen@mailinator.com"},"school_number":"27Q321","sis_id":"27Q321","state_id":"412","id":"530e595026403103360ff9ff"},"uri":"/v1.1/schools/530e595026403103360ff9ff"}],"links":[{"rel":"self","uri":"/v1.1/schools?ending_before=last&limit=1"},{"rel":"prev","uri":"/v1.1/schools?limit=1&ending_before=530e595026403103360ff9ff"}]}'
    http_version:
  recorded_at: Wed, 23 Sep 2015 14:52:33 GMT
- request:
    method: get
    uri: https://api.clever.com/v1.1/schools?ending_before=last&limit=20
    body:
      encoding: US-ASCII
      string: ''
    headers:
      Accept:
      - "*/*; q=0.5, application/xml"
      Accept-Encoding:
      - gzip, deflate
      Authorization:
      - Bearer DEMO_TOKEN
      User-Agent:
      - Ruby
  response:
    status:
      code: 200
      message: OK
    headers:
      Access-Control-Allow-Headers:
      - Content-Type,Authorization,X-Requested-With,Accept,Origin,Referer,User-Agent
      Access-Control-Allow-Methods:
      - GET,PATCH,POST,DELETE
      Access-Control-Allow-Origin:
      - "*"
      Content-Type:
      - application/json; charset=utf-8
      Date:
      - Wed, 23 Sep 2015 14:52:34 GMT
      X-Powered-By:
      - Express
      X-Ratelimit-Bucket:
      - bearer
      X-Ratelimit-Limit:
      - '1200'
      X-Ratelimit-Remaining:
      - '1196'
      X-Ratelimit-Reset:
      - '1443020012'
      Content-Length:
      - '1749'
      Connection:
      - keep-alive
    body:
      encoding: UTF-8
      string: '{"data":[{"data":{"created":"2014-02-26T21:14:56.662Z","district":"4fd43cc56d11340000000005","high_grade":"12","last_modified":"2014-02-26T21:14:56.665Z","location":{"address":"350
        5th Avenue","city":"New York","state":"NY","zip":"10001"},"low_grade":"9","name":"Clever
        High School","nces_id":"360008000000","phone":"(212) 555-1212","principal":{"name":"Theodora
        Khan","email":"tdkhan@mailinator.com"},"school_number":"02M800","sis_id":"02M800","state_id":"712345","id":"530e595026403103360ff9fd"},"uri":"/v1.1/schools/530e595026403103360ff9fd"},{"data":{"created":"2014-02-26T21:14:56.668Z","district":"4fd43cc56d11340000000005","high_grade":"5","last_modified":"2014-02-26T21:14:56.670Z","location":{"address":"110
        Pineapple Street","city":"Brooklyn","state":"NY","zip":"11201"},"low_grade":"Kindergarten","name":"Clever
        Elementary School","nces_id":"360007000000","phone":"(718) 555-4567","principal":{"name":"Cecilia
        Roderick","email":"ceciliar@mailinator.com"},"school_number":"13K123","sis_id":"13K123","state_id":"30890","id":"530e595026403103360ff9fe"},"uri":"/v1.1/schools/530e595026403103360ff9fe"},{"data":{"created":"2014-02-26T21:14:56.671Z","district":"4fd43cc56d11340000000005","high_grade":"8","last_modified":"2014-02-26T21:14:56.673Z","location":{"address":"322
        Old Beach 88th Street","city":"Rockaway Beach","state":"NY","zip":"11693"},"low_grade":"6","name":"Clever
        Middle School","nces_id":"360001000000","phone":"(718) 555-8989","principal":{"name":"Leonard
        Springsteen","email":"lspringsteen@mailinator.com"},"school_number":"27Q321","sis_id":"27Q321","state_id":"412","id":"530e595026403103360ff9ff"},"uri":"/v1.1/schools/530e595026403103360ff9ff"}],"links":[{"rel":"self","uri":"/v1.1/schools?ending_before=last&limit=20"}]}'
    http_version:
  recorded_at: Wed, 23 Sep 2015 14:52:34 GMT
- request:
    method: get
    uri: https://api.clever.com/v1.1/students?ending_before=last&limit=1
    body:
      encoding: US-ASCII
      string: ''
    headers:
      Accept:
      - "*/*; q=0.5, application/xml"
      Accept-Encoding:
      - gzip, deflate
      Authorization:
      - Bearer DEMO_TOKEN
      User-Agent:
      - Ruby
  response:
    status:
      code: 200
      message: OK
    headers:
      Access-Control-Allow-Headers:
      - Content-Type,Authorization,X-Requested-With,Accept,Origin,Referer,User-Agent
      Access-Control-Allow-Methods:
      - GET,PATCH,POST,DELETE
      Access-Control-Allow-Origin:
      - "*"
      Content-Type:
      - application/json; charset=utf-8
      Date:
      - Wed, 23 Sep 2015 14:52:34 GMT
      X-Powered-By:
      - Express
      X-Ratelimit-Bucket:
      - bearer
      X-Ratelimit-Limit:
      - '1200'
      X-Ratelimit-Remaining:
      - '1195'
      X-Ratelimit-Reset:
      - '1443020012'
      Content-Length:
      - '823'
      Connection:
      - keep-alive
    body:
      encoding: UTF-8
      string: '{"data":[{"data":{"created":"2014-02-26T21:15:20.623Z","credentials":{"district_username":"markr17","district_password":"yo0ohYo6ro"},"district":"4fd43cc56d11340000000005","dob":"8/24/1996","ell_status":"N","email":"r_mark@example.com","frl_status":"Paid","gender":"M","grade":"11","hispanic_ethnicity":"N","iep_status":"","last_modified":"2014-06-04T14:10:44.750Z","location":{"zip":"10034"},"name":{"first":"Mark","middle":"S","last":"Reilly"},"race":"American
        Indian","school":"530e595026403103360ff9fd","sis_id":"999447617","state_id":"651135073","student_number":"999447617","id":"530e5968049e75a9262d064b"},"uri":"/v1.1/students/530e5968049e75a9262d064b"}],"links":[{"rel":"self","uri":"/v1.1/students?ending_before=last&limit=1"},{"rel":"prev","uri":"/v1.1/students?limit=1&ending_before=530e5968049e75a9262d064b"}]}'
    http_version:
  recorded_at: Wed, 23 Sep 2015 14:52:34 GMT
- request:
    method: get
    uri: https://api.clever.com/v1.1/students?ending_before=last&limit=20
    body:
      encoding: US-ASCII
      string: ''
    headers:
      Accept:
      - "*/*; q=0.5, application/xml"
      Accept-Encoding:
      - gzip, deflate
      Authorization:
      - Bearer DEMO_TOKEN
      User-Agent:
      - Ruby
  response:
    status:
      code: 200
      message: OK
    headers:
      Access-Control-Allow-Headers:
      - Content-Type,Authorization,X-Requested-With,Accept,Origin,Referer,User-Agent
      Access-Control-Allow-Methods:
      - GET,PATCH,POST,DELETE
      Access-Control-Allow-Origin:
      - "*"
      Content-Type:
      - application/json; charset=utf-8
      Date:
      - Wed, 23 Sep 2015 14:52:34 GMT
      Etag:
      - '"1605049778"'
      X-Powered-By:
      - Express
      X-Ratelimit-Bucket:
      - bearer
      X-Ratelimit-Limit:
      - '1200'
      X-Ratelimit-Remaining:
      - '1194'
      X-Ratelimit-Reset:
      - '1443020012'
      Content-Length:
      - '13328'
      Connection:
      - keep-alive
    body:
      encoding: UTF-8
      string: '{"data":[{"data":{"created":"2014-02-26T21:15:20.547Z","credentials":{"district_username":"arthurr56","district_password":"uod0aiXue"},"district":"4fd43cc56d11340000000005","dob":"10/27/2002","ell_status":"Y","email":"r_arthur@example.com","frl_status":"Paid","gender":"M","grade":"5","hispanic_ethnicity":"N","iep_status":"","last_modified":"2014-06-04T14:10:44.678Z","location":{"zip":"11224"},"name":{"first":"Arthur","middle":"J","last":"Rolfson"},"race":"Two
        or More Races","school":"530e595026403103360ff9fe","sis_id":"983721056","state_id":"701629632","student_number":"983721056","id":"530e5968049e75a9262d0638"},"uri":"/v1.1/students/530e5968049e75a9262d0638"},{"data":{"created":"2014-02-26T21:15:20.552Z","credentials":{"district_username":"henryk07","district_password":"ieh5ouvooJ"},"district":"4fd43cc56d11340000000005","dob":"5/10/1996","ell_status":"N","email":"henry_k@example.net","frl_status":"Paid","gender":"M","grade":"11","hispanic_ethnicity":"Y","iep_status":"","last_modified":"2014-06-04T14:10:44.683Z","location":{"zip":"10465"},"name":{"first":"Henry","middle":"S","last":"Kuhlman"},"race":"Caucasian","school":"530e595026403103360ff9fd","sis_id":"984084707","state_id":"525722132","student_number":"984084707","id":"530e5968049e75a9262d0639"},"uri":"/v1.1/students/530e5968049e75a9262d0639"},{"data":{"created":"2014-02-26T21:15:20.556Z","credentials":{"district_username":"donnad06","district_password":"ieloi4Iewu"},"district":"4fd43cc56d11340000000005","dob":"6/30/1998","ell_status":"N","email":"d.donna@example.net","frl_status":"Paid","gender":"F","grade":"9","hispanic_ethnicity":"N","iep_status":"","last_modified":"2014-06-04T14:10:44.686Z","location":{"zip":"10305"},"name":{"first":"Donna","middle":"J","last":"Dickinson"},"race":"American
        Indian","school":"530e595026403103360ff9fd","sis_id":"984383406","state_id":"594448599","student_number":"984383406","id":"530e5968049e75a9262d063a"},"uri":"/v1.1/students/530e5968049e75a9262d063a"},{"data":{"created":"2014-02-26T21:15:20.559Z","credentials":{"district_username":"hazelw09","district_password":"aiX9oonaesh"},"district":"4fd43cc56d11340000000005","dob":"12/17/1995","ell_status":"N","email":"w.hazel@example.org","frl_status":"Paid","gender":"F","grade":"12","hispanic_ethnicity":"N","iep_status":"","last_modified":"2014-06-04T14:10:44.689Z","location":{"zip":"10003"},"name":{"first":"Hazel","middle":"T","last":"Wolff"},"race":"Black
        or African American","school":"530e595026403103360ff9fd","sis_id":"984448109","state_id":"815370306","student_number":"984448109","id":"530e5968049e75a9262d063b"},"uri":"/v1.1/students/530e5968049e75a9262d063b"},{"data":{"created":"2014-02-26T21:15:20.563Z","credentials":{"district_username":"caroler53","district_password":"quiJ8doo"},"district":"4fd43cc56d11340000000005","dob":"3/25/1998","ell_status":"N","email":"r_carole@example.com","frl_status":"Paid","gender":"F","grade":"9","hispanic_ethnicity":"N","iep_status":"","last_modified":"2014-06-04T14:10:44.693Z","location":{"zip":"11222"},"name":{"first":"Carole","middle":"J","last":"Roberts"},"race":"Caucasian","school":"530e595026403103360ff9fd","sis_id":"984605253","state_id":"797694320","student_number":"984605253","id":"530e5968049e75a9262d063c"},"uri":"/v1.1/students/530e5968049e75a9262d063c"},{"data":{"created":"2014-02-26T21:15:20.570Z","credentials":{"district_username":"rebeccag66","district_password":"DieFeeti5e"},"district":"4fd43cc56d11340000000005","dob":"3/10/2004","ell_status":"N","email":"g_rebecca@example.org","frl_status":"Paid","gender":"F","grade":"3","hispanic_ethnicity":"N","iep_status":"","last_modified":"2014-06-04T14:10:44.699Z","location":{"zip":"11434"},"name":{"first":"Rebecca","middle":"J","last":"Gislason"},"race":"Black
        or African American","school":"530e595026403103360ff9fe","sis_id":"984743266","state_id":"104522216","student_number":"984743266","id":"530e5968049e75a9262d063d"},"uri":"/v1.1/students/530e5968049e75a9262d063d"},{"data":{"created":"2014-02-26T21:15:20.575Z","credentials":{"district_username":"charlesg75","district_password":"Ej0Phee7gee"},"district":"4fd43cc56d11340000000005","dob":"10/19/2004","ell_status":"N","email":"charles_g@example.org","frl_status":"Paid","gender":"M","grade":"3","hispanic_ethnicity":"Y","iep_status":"","last_modified":"2014-06-04T14:10:44.702Z","location":{"zip":"10034"},"name":{"first":"Charles","middle":"E","last":"Green"},"race":"American
        Indian","school":"530e595026403103360ff9fe","sis_id":"984969475","state_id":"748235571","student_number":"984969475","id":"530e5968049e75a9262d063e"},"uri":"/v1.1/students/530e5968049e75a9262d063e"},{"data":{"created":"2014-02-26T21:15:20.579Z","credentials":{"district_username":"antoinettel95","district_password":"ooshahY8"},"district":"4fd43cc56d11340000000005","dob":"6/11/1995","ell_status":"N","email":"l.antoinette@example.net","frl_status":"Paid","gender":"F","grade":"12","hispanic_ethnicity":"N","iep_status":"","last_modified":"2014-06-04T14:10:44.705Z","location":{"zip":"10309"},"name":{"first":"Antoinette","middle":"W","last":"Lynch"},"race":"Asian","school":"530e595026403103360ff9fd","sis_id":"986188195","state_id":"583594709","student_number":"986188195","id":"530e5968049e75a9262d063f"},"uri":"/v1.1/students/530e5968049e75a9262d063f"},{"data":{"created":"2014-02-26T21:15:20.584Z","credentials":{"district_username":"valerieh19","district_password":"naeThoh0i"},"district":"4fd43cc56d11340000000005","dob":"9/3/1998","ell_status":"Y","email":"valerie.h@example.com","frl_status":"Paid","gender":"F","grade":"9","hispanic_ethnicity":"Y","iep_status":"","last_modified":"2014-06-04T14:10:44.709Z","location":{"zip":"10470"},"name":{"first":"Valerie","middle":"M","last":"Hessel"},"race":"Caucasian","school":"530e595026403103360ff9fd","sis_id":"986381919","state_id":"673450372","student_number":"986381919","id":"530e5968049e75a9262d0640"},"uri":"/v1.1/students/530e5968049e75a9262d0640"},{"data":{"created":"2014-02-26T21:15:20.587Z","credentials":{"district_username":"dallase78","district_password":"Fae6pie6Ch"},"district":"4fd43cc56d11340000000005","dob":"5/22/2001","ell_status":"Y","email":"e_dallas@example.org","frl_status":"Paid","gender":"M","grade":"6","hispanic_ethnicity":"N","iep_status":"","last_modified":"2014-06-04T14:10:44.713Z","location":{"zip":"11375"},"name":{"first":"Dallas","middle":"M","last":"Erdman"},"race":"Black
        or African American","school":"530e595026403103360ff9ff","sis_id":"988363878","state_id":"528811928","student_number":"988363878","id":"530e5968049e75a9262d0641"},"uri":"/v1.1/students/530e5968049e75a9262d0641"},{"data":{"created":"2014-02-26T21:15:20.591Z","credentials":{"district_username":"marjoriew79","district_password":"ien7fam3Ai"},"district":"4fd43cc56d11340000000005","dob":"8/1/2005","ell_status":"N","email":"w_marjorie@example.org","frl_status":"Paid","gender":"F","grade":"2","hispanic_ethnicity":"Y","iep_status":"","last_modified":"2014-06-04T14:10:44.717Z","location":{"zip":"11436"},"name":{"first":"Marjorie","middle":"J","last":"White"},"race":"Black
        or African American","school":"530e595026403103360ff9fe","sis_id":"989693879","state_id":"568608854","student_number":"989693879","id":"530e5968049e75a9262d0642"},"uri":"/v1.1/students/530e5968049e75a9262d0642"},{"data":{"created":"2014-02-26T21:15:20.595Z","credentials":{"district_username":"stevenr21","district_password":"Cae6Zoogh"},"district":"4fd43cc56d11340000000005","dob":"8/19/2006","ell_status":"N","email":"steven.r@example.com","frl_status":"Paid","gender":"M","grade":"1","hispanic_ethnicity":"N","iep_status":"","last_modified":"2014-06-04T14:10:44.720Z","location":{"zip":"11413"},"name":{"first":"Steven","middle":"A","last":"Robel"},"race":"Caucasian","school":"530e595026403103360ff9fe","sis_id":"992399521","state_id":"486242945","student_number":"992399521","id":"530e5968049e75a9262d0643"},"uri":"/v1.1/students/530e5968049e75a9262d0643"},{"data":{"created":"2014-02-26T21:15:20.601Z","credentials":{"district_username":"beths47","district_password":"keefooY9anoe"},"district":"4fd43cc56d11340000000005","dob":"1/21/2004","ell_status":"Y","email":"s_beth@example.net","frl_status":"Paid","gender":"F","grade":"3","hispanic_ethnicity":"N","iep_status":"","last_modified":"2014-06-04T14:10:44.724Z","location":{"zip":"11106"},"name":{"first":"Beth","middle":"K","last":"Spencer"},"race":"Asian","school":"530e595026403103360ff9fe","sis_id":"992702547","state_id":"899990945","student_number":"992702547","id":"530e5968049e75a9262d0644"},"uri":"/v1.1/students/530e5968049e75a9262d0644"},{"data":{"created":"2014-02-26T21:15:20.604Z","credentials":{"district_username":"jeffreyt39","district_password":"Daichaep5"},"district":"4fd43cc56d11340000000005","dob":"2/1/1997","ell_status":"N","email":"jeffrey_t@example.com","frl_status":"Paid","gender":"M","grade":"10","hispanic_ethnicity":"N","iep_status":"","last_modified":"2014-06-04T14:10:44.728Z","location":{"zip":"10032"},"name":{"first":"Jeffrey","middle":"C","last":"Turner"},"race":"Caucasian","school":"530e595026403103360ff9fd","sis_id":"993335439","state_id":"985250921","student_number":"993335439","id":"530e5968049e75a9262d0645"},"uri":"/v1.1/students/530e5968049e75a9262d0645"},{"data":{"created":"2014-02-26T21:15:20.608Z","credentials":{"district_username":"samuelc82","district_password":"Ooghee1j"},"district":"4fd43cc56d11340000000005","dob":"11/28/1998","ell_status":"N","email":"c_samuel@example.org","frl_status":"Paid","gender":"M","grade":"9","hispanic_ethnicity":"N","iep_status":"","last_modified":"2014-06-04T14:10:44.732Z","location":{"zip":"10035"},"name":{"first":"Samuel","middle":"S","last":"Crona"},"race":"Caucasian","school":"530e595026403103360ff9fd","sis_id":"993756982","state_id":"496635778","student_number":"993756982","id":"530e5968049e75a9262d0646"},"uri":"/v1.1/students/530e5968049e75a9262d0646"},{"data":{"created":"2014-02-26T21:15:20.611Z","credentials":{"district_username":"marjoriel40","district_password":"iushoo1It"},"district":"4fd43cc56d11340000000005","dob":"11/4/1997","ell_status":"N","email":"marjorie_l@example.org","frl_status":"Paid","gender":"F","grade":"10","hispanic_ethnicity":"N","iep_status":"","last_modified":"2014-06-04T14:10:44.735Z","location":{"zip":"10016"},"name":{"first":"Marjorie","middle":"L","last":"Lesch"},"race":"Caucasian","school":"530e595026403103360ff9fd","sis_id":"994397040","state_id":"828598322","student_number":"994397040","id":"530e5968049e75a9262d0647"},"uri":"/v1.1/students/530e5968049e75a9262d0647"},{"data":{"created":"2014-02-26T21:15:20.614Z","credentials":{"district_username":"juliar75","district_password":"ohzae9eeR9y"},"district":"4fd43cc56d11340000000005","dob":"2/20/1995","ell_status":"N","email":"julia_r@example.com","frl_status":"Paid","gender":"F","grade":"12","hispanic_ethnicity":"N","iep_status":"","last_modified":"2014-06-04T14:10:44.740Z","location":{"zip":"10455"},"name":{"first":"Julia","middle":"R","last":"Reinger"},"race":"Black
        or African American","school":"530e595026403103360ff9fd","sis_id":"994416375","state_id":"273880394","student_number":"994416375","id":"530e5968049e75a9262d0648"},"uri":"/v1.1/students/530e5968049e75a9262d0648"},{"data":{"created":"2014-02-26T21:15:20.617Z","credentials":{"district_username":"kateg20","district_password":"eipieYeiz4"},"district":"4fd43cc56d11340000000005","dob":"9/2/1996","ell_status":"Y","email":"g.kate@example.com","frl_status":"Paid","gender":"F","grade":"11","hispanic_ethnicity":"Y","iep_status":"","last_modified":"2014-06-04T14:10:44.743Z","location":{"zip":"11239"},"name":{"first":"Kate","middle":"J","last":"Gutmann"},"race":"Asian","school":"530e595026403103360ff9fd","sis_id":"995477320","state_id":"866850842","student_number":"995477320","id":"530e5968049e75a9262d0649"},"uri":"/v1.1/students/530e5968049e75a9262d0649"},{"data":{"created":"2014-02-26T21:15:20.620Z","credentials":{"district_username":"ritaq35","district_password":"riv4Ahqu4o"},"district":"4fd43cc56d11340000000005","dob":"6/3/2001","ell_status":"N","email":"q.rita@example.org","frl_status":"Paid","gender":"F","grade":"6","hispanic_ethnicity":"Y","iep_status":"","last_modified":"2014-06-04T14:10:44.747Z","location":{"zip":"10022"},"name":{"first":"Rita","middle":"C","last":"Quigley"},"race":"Black
        or African American","school":"530e595026403103360ff9ff","sis_id":"998414435","state_id":"134063200","student_number":"998414435","id":"530e5968049e75a9262d064a"},"uri":"/v1.1/students/530e5968049e75a9262d064a"},{"data":{"created":"2014-02-26T21:15:20.623Z","credentials":{"district_username":"markr17","district_password":"yo0ohYo6ro"},"district":"4fd43cc56d11340000000005","dob":"8/24/1996","ell_status":"N","email":"r_mark@example.com","frl_status":"Paid","gender":"M","grade":"11","hispanic_ethnicity":"N","iep_status":"","last_modified":"2014-06-04T14:10:44.750Z","location":{"zip":"10034"},"name":{"first":"Mark","middle":"S","last":"Reilly"},"race":"American
        Indian","school":"530e595026403103360ff9fd","sis_id":"999447617","state_id":"651135073","student_number":"999447617","id":"530e5968049e75a9262d064b"},"uri":"/v1.1/students/530e5968049e75a9262d064b"}],"links":[{"rel":"self","uri":"/v1.1/students?ending_before=last&limit=20"},{"rel":"prev","uri":"/v1.1/students?limit=20&ending_before=530e5968049e75a9262d0638"}]}'
    http_version:
  recorded_at: Wed, 23 Sep 2015 14:52:35 GMT
- request:
    method: get
    uri: https://api.clever.com/v1.1/events?ending_before=last&limit=1
    body:
      encoding: US-ASCII
      string: ''
    headers:
      Accept:
      - "*/*; q=0.5, application/xml"
      Accept-Encoding:
      - gzip, deflate
      Authorization:
      - Bearer DEMO_TOKEN
      User-Agent:
      - Ruby
  response:
    status:
      code: 200
      message: OK
    headers:
      Access-Control-Allow-Headers:
      - Content-Type,Authorization,X-Requested-With,Accept,Origin,Referer,User-Agent
      Access-Control-Allow-Methods:
      - GET,PATCH,POST,DELETE
      Access-Control-Allow-Origin:
      - "*"
      Content-Type:
      - application/json; charset=utf-8
      Date:
      - Wed, 23 Sep 2015 14:52:35 GMT
      X-Powered-By:
      - Express
      X-Ratelimit-Bucket:
      - bearer
      X-Ratelimit-Limit:
      - '1200'
      X-Ratelimit-Remaining:
      - '1193'
      X-Ratelimit-Reset:
      - '1443020012'
      Content-Length:
      - '1436'
      Connection:
      - keep-alive
    body:
      encoding: UTF-8
      string: '{"data":[{"data":{"type":"sections.updated","data":{"object":{"course_name":"Kindergarten
        Science, Class 003","course_number":"3","district":"4fd43cc56d11340000000005","grade":"Kindergarten","name":"Kindergarten
        Science, Class 003 - 003 - J. Stark","period":"4","school":"530e595026403103360ff9fe","sis_id":"866","subject":"science","teacher":"50c20477987eda0d3d02d310","term":{"name":"Y1","start_date":"2012-08-01","end_date":"2013-06-01"},"students":["530e5961049e75a9262cffbe","530e5961049e75a9262cffc3","530e5961049e75a9262d0000","530e5961049e75a9262d0036","530e5961049e75a9262d0074","530e5962049e75a9262d00c5","530e5963049e75a9262d01fa","530e5964049e75a9262d027e","530e5964049e75a9262d02a8","530e5964049e75a9262d02ab","530e5964049e75a9262d02f7","530e5965049e75a9262d03b2","530e5965049e75a9262d03bf","530e5966049e75a9262d040a","530e5966049e75a9262d0449","530e5967049e75a9262d051b","530e5967049e75a9262d0565","530e5968049e75a9262d05f0","530e5968049e75a9262d061e","530e5968049e75a9262d0623"],"last_modified":"2014-02-26T21:15:39.195Z","created":"2014-02-26T21:15:39.193Z","id":"530e597b049e75a9262d0c12"},"previous_attributes":{"subject":"homeroom/advisory"}},"created":"2014-08-28T18:01:14.088Z","id":"53ff6e6b322eced00200008e"},"uri":"/v1.1/events/53ff6e6b322eced00200008e"}],"links":[{"rel":"self","uri":"/v1.1/events?ending_before=last&limit=1"},{"rel":"prev","uri":"/v1.1/events?limit=1&ending_before=53ff6e6b322eced00200008e"}]}'
    http_version:
  recorded_at: Wed, 23 Sep 2015 14:52:35 GMT
- request:
    method: get
    uri: https://api.clever.com/v1.1/events?ending_before=last&limit=20
    body:
      encoding: US-ASCII
      string: ''
    headers:
      Accept:
      - "*/*; q=0.5, application/xml"
      Accept-Encoding:
      - gzip, deflate
      Authorization:
      - Bearer DEMO_TOKEN
      User-Agent:
      - Ruby
  response:
    status:
      code: 200
      message: OK
    headers:
      Access-Control-Allow-Headers:
      - Content-Type,Authorization,X-Requested-With,Accept,Origin,Referer,User-Agent
      Access-Control-Allow-Methods:
      - GET,PATCH,POST,DELETE
      Access-Control-Allow-Origin:
      - "*"
      Content-Type:
      - application/json; charset=utf-8
      Date:
      - Wed, 23 Sep 2015 14:52:35 GMT
      Etag:
      - '"1339305471"'
      X-Powered-By:
      - Express
      X-Ratelimit-Bucket:
      - bearer
      X-Ratelimit-Limit:
      - '1200'
      X-Ratelimit-Remaining:
      - '1192'
      X-Ratelimit-Reset:
      - '1443020012'
      Content-Length:
      - '9293'
      Connection:
      - keep-alive
    body:
      encoding: UTF-8
      string: '{"data":[{"data":{"type":"sections.updated","data":{"object":{"course_name":"Grade
        3 Math, Class 301","course_number":"301","district":"4fd43cc56d11340000000005","grade":"3","name":"Grade
        3 Math, Class 301 - 301 - S. Block","period":"5","school":"530e595026403103360ff9fe","sis_id":"771","subject":"math","teacher":"530e5955d50c310f36112c15","term":{"name":"Y1","start_date":"2012-08-01","end_date":"2013-06-01"},"students":["530e5962049e75a9262d00fb","530e5962049e75a9262d015a","530e5963049e75a9262d0219","530e5964049e75a9262d0270","530e5964049e75a9262d02cf","530e5964049e75a9262d02fc","530e5965049e75a9262d0341","530e5965049e75a9262d0343","530e5965049e75a9262d038d","530e5965049e75a9262d03a7","530e5966049e75a9262d0415","530e5966049e75a9262d0439","530e5966049e75a9262d0458","530e5966049e75a9262d04d5","530e5967049e75a9262d04f4","530e5967049e75a9262d051f"],"last_modified":"2014-07-07T15:46:35.850Z","created":"2014-02-26T21:15:38.738Z","id":"530e597a049e75a9262d0baf"},"previous_attributes":{"students":["530e5960049e75a9262cff56","530e5962049e75a9262d00fb","530e5962049e75a9262d015a","530e5963049e75a9262d0219","530e5964049e75a9262d0270","530e5964049e75a9262d02cf","530e5964049e75a9262d02fc","530e5965049e75a9262d0341","530e5965049e75a9262d0343","530e5965049e75a9262d038d","530e5965049e75a9262d03a7","530e5966049e75a9262d0415","530e5966049e75a9262d0439","530e5966049e75a9262d0458","530e5966049e75a9262d04d5","530e5967049e75a9262d04f4","530e5967049e75a9262d051f"]}},"created":"2014-08-28T18:01:13.872Z","id":"53ff6e6b322eced002000088"},"uri":"/v1.1/events/53ff6e6b322eced002000088"},{"data":{"type":"sections.updated","data":{"object":{"course_name":"Kindergarten
        Music, Class 001","course_number":"1","district":"4fd43cc56d11340000000005","grade":"Kindergarten","name":"Kindergarten
        Music, Class 001 - 001 - H. Willms","period":"5","school":"530e595026403103360ff9fe","sis_id":"804","subject":"arts
        and music","teacher":"530e5955d50c310f36112c02","term":{"name":"Y1","start_date":"2012-08-01","end_date":"2013-06-01"},"students":["530e5960049e75a9262cff5d","530e5960049e75a9262cff76","530e5961049e75a9262cffdc","530e5962049e75a9262d00d0","530e5962049e75a9262d012d","530e5963049e75a9262d01c1","530e5963049e75a9262d01d3","530e5963049e75a9262d01e1","530e5964049e75a9262d027a","530e5964049e75a9262d02ae","530e5965049e75a9262d03c0","530e5965049e75a9262d03c6","530e5966049e75a9262d042d","530e5966049e75a9262d0451","530e5966049e75a9262d0479","530e5967049e75a9262d057b","530e5967049e75a9262d05a3","530e5967049e75a9262d05ba","530e5967049e75a9262d05c1","530e5968049e75a9262d05e4"],"last_modified":"2014-02-26T21:15:38.877Z","created":"2014-02-26T21:15:38.875Z","id":"530e597a049e75a9262d0bd0"},"previous_attributes":{"subject":"homeroom/advisory"}},"created":"2014-08-28T18:01:14.064Z","id":"53ff6e6b322eced002000089"},"uri":"/v1.1/events/53ff6e6b322eced002000089"},{"data":{"type":"sections.updated","data":{"object":{"course_name":"Kindergarten
        Music, Class 002","course_number":"2","district":"4fd43cc56d11340000000005","grade":"Kindergarten","name":"Kindergarten
        Music, Class 002 - 002 - S. Schoen","period":"5","school":"530e595026403103360ff9fe","sis_id":"805","subject":"arts
        and music","teacher":"530e5955d50c310f36112c03","term":{"name":"Y1","start_date":"2012-08-01","end_date":"2013-06-01"},"students":["530e5960049e75a9262cff1d","530e5960049e75a9262cff55","530e5961049e75a9262cffc2","530e5961049e75a9262d0012","530e5962049e75a9262d00c0","530e5962049e75a9262d010d","530e5962049e75a9262d0136","530e5962049e75a9262d0151","530e5962049e75a9262d0162","530e5963049e75a9262d01bb","530e5963049e75a9262d01f0","530e5964049e75a9262d0295","530e5964049e75a9262d02a7","530e5964049e75a9262d02d8","530e5965049e75a9262d0320","530e5965049e75a9262d03b9","530e5966049e75a9262d0491","530e5966049e75a9262d04c4","530e5967049e75a9262d0520","530e5968049e75a9262d0615"],"last_modified":"2014-02-26T21:15:38.882Z","created":"2014-02-26T21:15:38.879Z","id":"530e597a049e75a9262d0bd1"},"previous_attributes":{"subject":"homeroom/advisory"}},"created":"2014-08-28T18:01:14.067Z","id":"53ff6e6b322eced00200008a"},"uri":"/v1.1/events/53ff6e6b322eced00200008a"},{"data":{"type":"sections.updated","data":{"object":{"course_name":"Kindergarten
        Music, Class 003","course_number":"3","district":"4fd43cc56d11340000000005","grade":"Kindergarten","name":"Kindergarten
        Music, Class 003 - 003 - J. Stark","period":"4","school":"530e595026403103360ff9fe","sis_id":"806","subject":"arts
        and music","teacher":"50c20477987eda0d3d02d310","term":{"name":"Y1","start_date":"2012-08-01","end_date":"2013-06-01"},"students":["530e5961049e75a9262cffbe","530e5961049e75a9262cffc3","530e5961049e75a9262d0000","530e5961049e75a9262d0036","530e5961049e75a9262d0074","530e5962049e75a9262d00c5","530e5963049e75a9262d01fa","530e5964049e75a9262d027e","530e5964049e75a9262d02a8","530e5964049e75a9262d02ab","530e5964049e75a9262d02f7","530e5965049e75a9262d03b2","530e5965049e75a9262d03bf","530e5966049e75a9262d040a","530e5966049e75a9262d0449","530e5967049e75a9262d051b","530e5967049e75a9262d0565","530e5968049e75a9262d05f0","530e5968049e75a9262d061e","530e5968049e75a9262d0623"],"last_modified":"2014-02-26T21:15:38.886Z","created":"2014-02-26T21:15:38.883Z","id":"530e597a049e75a9262d0bd2"},"previous_attributes":{"subject":"homeroom/advisory"}},"created":"2014-08-28T18:01:14.070Z","id":"53ff6e6b322eced00200008b"},"uri":"/v1.1/events/53ff6e6b322eced00200008b"},{"data":{"type":"sections.updated","data":{"object":{"course_name":"Kindergarten
        Science, Class 001","course_number":"1","district":"4fd43cc56d11340000000005","grade":"Kindergarten","name":"Kindergarten
        Science, Class 001 - 001 - H. Willms","period":"2","school":"530e595026403103360ff9fe","sis_id":"864","subject":"science","teacher":"530e5955d50c310f36112c02","term":{"name":"Y1","start_date":"2012-08-01","end_date":"2013-06-01"},"students":["530e5960049e75a9262cff5d","530e5960049e75a9262cff76","530e5961049e75a9262cffdc","530e5962049e75a9262d00d0","530e5962049e75a9262d012d","530e5963049e75a9262d01c1","530e5963049e75a9262d01d3","530e5963049e75a9262d01e1","530e5964049e75a9262d027a","530e5964049e75a9262d02ae","530e5965049e75a9262d03c0","530e5965049e75a9262d03c6","530e5966049e75a9262d042d","530e5966049e75a9262d0451","530e5966049e75a9262d0479","530e5967049e75a9262d057b","530e5967049e75a9262d05a3","530e5967049e75a9262d05ba","530e5967049e75a9262d05c1","530e5968049e75a9262d05e4"],"last_modified":"2014-02-26T21:15:39.166Z","created":"2014-02-26T21:15:39.165Z","id":"530e597b049e75a9262d0c0a"},"previous_attributes":{"subject":"homeroom/advisory"}},"created":"2014-08-28T18:01:14.073Z","id":"53ff6e6b322eced00200008c"},"uri":"/v1.1/events/53ff6e6b322eced00200008c"},{"data":{"type":"sections.updated","data":{"object":{"course_name":"Kindergarten
        Science, Class 002","course_number":"2","district":"4fd43cc56d11340000000005","grade":"Kindergarten","name":"Kindergarten
        Science, Class 002 - 002 - S. Schoen","period":"3","school":"530e595026403103360ff9fe","sis_id":"865","subject":"science","teacher":"530e5955d50c310f36112c03","term":{"name":"Y1","start_date":"2012-08-01","end_date":"2013-06-01"},"students":["530e5960049e75a9262cff1d","530e5960049e75a9262cff55","530e5961049e75a9262cffc2","530e5961049e75a9262d0012","530e5962049e75a9262d00c0","530e5962049e75a9262d010d","530e5962049e75a9262d0136","530e5962049e75a9262d0151","530e5962049e75a9262d0162","530e5963049e75a9262d01bb","530e5963049e75a9262d01f0","530e5964049e75a9262d0295","530e5964049e75a9262d02a7","530e5964049e75a9262d02d8","530e5965049e75a9262d0320","530e5965049e75a9262d03b9","530e5966049e75a9262d0491","530e5966049e75a9262d04c4","530e5967049e75a9262d0520","530e5968049e75a9262d0615"],"last_modified":"2014-02-26T21:15:39.183Z","created":"2014-02-26T21:15:39.181Z","id":"530e597b049e75a9262d0c0e"},"previous_attributes":{"subject":"homeroom/advisory"}},"created":"2014-08-28T18:01:14.076Z","id":"53ff6e6b322eced00200008d"},"uri":"/v1.1/events/53ff6e6b322eced00200008d"},{"data":{"type":"sections.updated","data":{"object":{"course_name":"Kindergarten
        Science, Class 003","course_number":"3","district":"4fd43cc56d11340000000005","grade":"Kindergarten","name":"Kindergarten
        Science, Class 003 - 003 - J. Stark","period":"4","school":"530e595026403103360ff9fe","sis_id":"866","subject":"science","teacher":"50c20477987eda0d3d02d310","term":{"name":"Y1","start_date":"2012-08-01","end_date":"2013-06-01"},"students":["530e5961049e75a9262cffbe","530e5961049e75a9262cffc3","530e5961049e75a9262d0000","530e5961049e75a9262d0036","530e5961049e75a9262d0074","530e5962049e75a9262d00c5","530e5963049e75a9262d01fa","530e5964049e75a9262d027e","530e5964049e75a9262d02a8","530e5964049e75a9262d02ab","530e5964049e75a9262d02f7","530e5965049e75a9262d03b2","530e5965049e75a9262d03bf","530e5966049e75a9262d040a","530e5966049e75a9262d0449","530e5967049e75a9262d051b","530e5967049e75a9262d0565","530e5968049e75a9262d05f0","530e5968049e75a9262d061e","530e5968049e75a9262d0623"],"last_modified":"2014-02-26T21:15:39.195Z","created":"2014-02-26T21:15:39.193Z","id":"530e597b049e75a9262d0c12"},"previous_attributes":{"subject":"homeroom/advisory"}},"created":"2014-08-28T18:01:14.088Z","id":"53ff6e6b322eced00200008e"},"uri":"/v1.1/events/53ff6e6b322eced00200008e"}],"links":[{"rel":"self","uri":"/v1.1/events?ending_before=last&limit=20"}]}'
    http_version:
  recorded_at: Wed, 23 Sep 2015 14:52:35 GMT
- request:
    method: get
    uri: https://api.clever.com/v1.1/sections?ending_before=last&limit=1
    body:
      encoding: US-ASCII
      string: ''
    headers:
      Accept:
      - "*/*; q=0.5, application/xml"
      Accept-Encoding:
      - gzip, deflate
      Authorization:
      - Bearer DEMO_TOKEN
      User-Agent:
      - Ruby
  response:
    status:
      code: 200
      message: OK
    headers:
      Access-Control-Allow-Headers:
      - Content-Type,Authorization,X-Requested-With,Accept,Origin,Referer,User-Agent
      Access-Control-Allow-Methods:
      - GET,PATCH,POST,DELETE
      Access-Control-Allow-Origin:
      - "*"
      Content-Type:
      - application/json; charset=utf-8
      Date:
      - Wed, 23 Sep 2015 14:52:36 GMT
      Etag:
      - '"-619602332"'
      X-Powered-By:
      - Express
      X-Ratelimit-Bucket:
      - bearer
      X-Ratelimit-Limit:
      - '1200'
      X-Ratelimit-Remaining:
      - '1191'
      X-Ratelimit-Reset:
      - '1443020012'
      Content-Length:
      - '1263'
      Connection:
      - keep-alive
    body:
      encoding: UTF-8
      string: '{"data":[{"data":{"course_name":"Introduction to Visual Arts","course_number":"100","created":"2014-02-26T21:15:39.511Z","district":"4fd43cc56d11340000000005","grade":"9","last_modified":"2014-02-26T21:15:39.513Z","name":"Introduction
        to Visual Arts - 100 - R. Plant","period":"1","school":"530e595026403103360ff9fd","sis_id":"960","students":["530e5960049e75a9262cff3c","530e5961049e75a9262cffcd","530e5961049e75a9262d001a","530e5961049e75a9262d0038","530e5961049e75a9262d0048","530e5961049e75a9262d0085","530e5962049e75a9262d00e8","530e5962049e75a9262d015f","530e5963049e75a9262d01a2","530e5963049e75a9262d022f","530e5964049e75a9262d02d3","530e5965049e75a9262d0325","530e5966049e75a9262d04d7","530e5967049e75a9262d0501","530e5967049e75a9262d052d","530e5967049e75a9262d05b5","530e5967049e75a9262d05be","530e5968049e75a9262d05cb","530e5968049e75a9262d061c","530e5968049e75a9262d063c"],"subject":"arts
        and music","teacher":"530e5955d50c310f36112c09","term":{"name":"Y1","start_date":"2012-08-01","end_date":"2013-06-01"},"id":"530e597b049e75a9262d0c6c"},"uri":"/v1.1/sections/530e597b049e75a9262d0c6c"}],"links":[{"rel":"self","uri":"/v1.1/sections?ending_before=last&limit=1"},{"rel":"prev","uri":"/v1.1/sections?limit=1&ending_before=530e597b049e75a9262d0c6c"}]}'
    http_version:
  recorded_at: Wed, 23 Sep 2015 14:52:36 GMT
- request:
    method: get
    uri: https://api.clever.com/v1.1/sections?ending_before=last&limit=20
    body:
      encoding: US-ASCII
      string: ''
    headers:
      Accept:
      - "*/*; q=0.5, application/xml"
      Accept-Encoding:
      - gzip, deflate
      Authorization:
      - Bearer DEMO_TOKEN
      User-Agent:
      - Ruby
  response:
    status:
      code: 200
      message: OK
    headers:
      Access-Control-Allow-Headers:
      - Content-Type,Authorization,X-Requested-With,Accept,Origin,Referer,User-Agent
      Access-Control-Allow-Methods:
      - GET,PATCH,POST,DELETE
      Access-Control-Allow-Origin:
      - "*"
      Content-Type:
      - application/json; charset=utf-8
      Date:
      - Wed, 23 Sep 2015 14:52:36 GMT
      Etag:
      - '"-1056941371"'
      X-Powered-By:
      - Express
      X-Ratelimit-Bucket:
      - bearer
      X-Ratelimit-Limit:
      - '1200'
      X-Ratelimit-Remaining:
      - '1190'
      X-Ratelimit-Reset:
      - '1443020012'
      Content-Length:
      - '25932'
      Connection:
      - keep-alive
    body:
      encoding: UTF-8
      string: '{"data":[{"data":{"course_name":"Spanish II","course_number":"201","created":"2014-02-26T21:15:39.456Z","district":"4fd43cc56d11340000000005","grade":"10","last_modified":"2014-02-26T21:15:39.458Z","name":"Spanish
        II - 201 - L. Jacobs (Section 1)","period":"2","school":"530e595026403103360ff9fd","sis_id":"941","students":["530e5960049e75a9262cff1f","530e5960049e75a9262cff26","530e5960049e75a9262cff39","530e5960049e75a9262cff4f","530e5960049e75a9262cff95","530e5961049e75a9262cffd9","530e5961049e75a9262d0080","530e5961049e75a9262d0082","530e5962049e75a9262d00b6","530e5962049e75a9262d0102","530e5962049e75a9262d0172","530e5963049e75a9262d017f","530e5963049e75a9262d0180","530e5963049e75a9262d0202","530e5963049e75a9262d0253","530e5964049e75a9262d0288","530e5964049e75a9262d0300","530e5965049e75a9262d039e","530e5965049e75a9262d03b6","530e5965049e75a9262d03d2","530e5965049e75a9262d03e8","530e5966049e75a9262d03f5","530e5966049e75a9262d041c","530e5966049e75a9262d0455","530e5966049e75a9262d0475","530e5966049e75a9262d04ba","530e5967049e75a9262d0544","530e5967049e75a9262d0586","530e5967049e75a9262d058b","530e5967049e75a9262d0596","530e5967049e75a9262d05bf","530e5968049e75a9262d061f","530e5968049e75a9262d0645"],"subject":"language","teacher":"530e5955d50c310f36112bf8","term":{"name":"Y1","start_date":"2012-08-01","end_date":"2013-06-01"},"id":"530e597b049e75a9262d0c59"},"uri":"/v1.1/sections/530e597b049e75a9262d0c59"},{"data":{"course_name":"Spanish
        II","course_number":"201","created":"2014-02-26T21:15:39.459Z","district":"4fd43cc56d11340000000005","grade":"10","last_modified":"2014-02-26T21:15:39.461Z","name":"Spanish
        II - 201 - R. Gadsby (Section 2)","period":"2","school":"530e595026403103360ff9fd","sis_id":"942","students":["530e5960049e75a9262cff21","530e5960049e75a9262cff48","530e5960049e75a9262cff96","530e5961049e75a9262d0027","530e5961049e75a9262d0035","530e5961049e75a9262d0037","530e5961049e75a9262d004e","530e5961049e75a9262d0056","530e5962049e75a9262d00b5","530e5962049e75a9262d00e3","530e5962049e75a9262d012e","530e5962049e75a9262d0133","530e5962049e75a9262d0156","530e5962049e75a9262d0158","530e5963049e75a9262d01cc","530e5963049e75a9262d01f5","530e5964049e75a9262d0282","530e5964049e75a9262d0297","530e5965049e75a9262d031b","530e5965049e75a9262d0383","530e5965049e75a9262d03cf","530e5966049e75a9262d040c","530e5966049e75a9262d0418","530e5966049e75a9262d043c","530e5967049e75a9262d0594","530e5967049e75a9262d059e","530e5967049e75a9262d05b3","530e5967049e75a9262d05b9","530e5968049e75a9262d05e9","530e5968049e75a9262d05f7","530e5968049e75a9262d0617","530e5968049e75a9262d062f","530e5968049e75a9262d0632","530e5968049e75a9262d0647"],"subject":"language","teacher":"530e5955d50c310f36112c08","term":{"name":"Y1","start_date":"2012-08-01","end_date":"2013-06-01"},"id":"530e597b049e75a9262d0c5a"},"uri":"/v1.1/sections/530e597b049e75a9262d0c5a"},{"data":{"course_name":"Spanish
        III","course_number":"301","created":"2014-02-26T21:15:39.462Z","district":"4fd43cc56d11340000000005","grade":"11","last_modified":"2014-02-26T21:15:39.464Z","name":"Spanish
        III - 301 - R. Gadsby (Section 1)","period":"2","school":"530e595026403103360ff9fd","sis_id":"943","students":["530e5960049e75a9262cff4c","530e5960049e75a9262cff4d","530e5960049e75a9262cff53","530e5960049e75a9262cff7c","530e5960049e75a9262cff98","530e5961049e75a9262d0005","530e5961049e75a9262d002e","530e5961049e75a9262d004c","530e5961049e75a9262d005a","530e5961049e75a9262d005c","530e5962049e75a9262d009e","530e5962049e75a9262d00b3","530e5962049e75a9262d00bd","530e5962049e75a9262d00c3","530e5962049e75a9262d0106","530e5963049e75a9262d019d","530e5963049e75a9262d01a1","530e5963049e75a9262d01a7","530e5963049e75a9262d01cd","530e5963049e75a9262d01d5","530e5963049e75a9262d01fc","530e5963049e75a9262d01fd","530e5963049e75a9262d024c","530e5963049e75a9262d0255","530e5963049e75a9262d0259","530e5964049e75a9262d029d","530e5964049e75a9262d02a5","530e5964049e75a9262d02d6","530e5964049e75a9262d02eb","530e5964049e75a9262d02fd","530e5966049e75a9262d03f2","530e5966049e75a9262d0420","530e5966049e75a9262d044e","530e5966049e75a9262d046b","530e5966049e75a9262d04a3","530e5966049e75a9262d04b9","530e5967049e75a9262d04ff","530e5967049e75a9262d0534","530e5967049e75a9262d053b","530e5967049e75a9262d0564","530e5967049e75a9262d0568","530e5967049e75a9262d058d","530e5968049e75a9262d05c7","530e5968049e75a9262d05d2","530e5968049e75a9262d05ea","530e5968049e75a9262d0633","530e5968049e75a9262d0634","530e5968049e75a9262d0636","530e5968049e75a9262d0649","530e5968049e75a9262d064b"],"subject":"language","teacher":"530e5955d50c310f36112c08","term":{"name":"Y1","start_date":"2012-08-01","end_date":"2013-06-01"},"id":"530e597b049e75a9262d0c5b"},"uri":"/v1.1/sections/530e597b049e75a9262d0c5b"},{"data":{"course_name":"AP
        Spanish Language","course_number":"404","created":"2014-02-26T21:15:39.466Z","district":"4fd43cc56d11340000000005","grade":"12","last_modified":"2014-02-26T21:15:39.468Z","name":"AP
        Spanish Language - 404 - R. Gadsby (Section 1)","period":"2","school":"530e595026403103360ff9fd","sis_id":"944","students":["530e5960049e75a9262cff52","530e5960049e75a9262cff67","530e5961049e75a9262cffaf","530e5961049e75a9262cffb7","530e5961049e75a9262d000d","530e5961049e75a9262d002b","530e5961049e75a9262d005b","530e5961049e75a9262d007b","530e5962049e75a9262d00be","530e5962049e75a9262d00f7","530e5962049e75a9262d015b","530e5962049e75a9262d015d","530e5963049e75a9262d018b","530e5963049e75a9262d01c7","530e5963049e75a9262d01d6","530e5963049e75a9262d0209","530e5963049e75a9262d020b","530e5963049e75a9262d020d","530e5963049e75a9262d021d","530e5963049e75a9262d0227","530e5963049e75a9262d0232","530e5963049e75a9262d024a","530e5964049e75a9262d0278","530e5964049e75a9262d02b5","530e5964049e75a9262d02bc","530e5964049e75a9262d02ee","530e5964049e75a9262d02fe","530e5965049e75a9262d0326","530e5965049e75a9262d0332","530e5965049e75a9262d0349","530e5965049e75a9262d0372","530e5965049e75a9262d03cd","530e5966049e75a9262d03f3","530e5966049e75a9262d043e","530e5966049e75a9262d0447","530e5966049e75a9262d0467","530e5966049e75a9262d048b","530e5966049e75a9262d0492","530e5967049e75a9262d04f7","530e5967049e75a9262d04fe","530e5967049e75a9262d058e","530e5967049e75a9262d0591","530e5967049e75a9262d05bc","530e5967049e75a9262d05bd","530e5968049e75a9262d05c8","530e5968049e75a9262d05dc","530e5968049e75a9262d05dd","530e5968049e75a9262d05ec","530e5968049e75a9262d0602","530e5968049e75a9262d0613"],"subject":"language","teacher":"530e5955d50c310f36112c08","term":{"name":"Y1","start_date":"2012-08-01","end_date":"2013-06-01"},"id":"530e597b049e75a9262d0c5c"},"uri":"/v1.1/sections/530e597b049e75a9262d0c5c"},{"data":{"course_name":"Spanish,
        Class 801","course_number":"801","created":"2014-02-26T21:15:39.469Z","district":"4fd43cc56d11340000000005","grade":"8","last_modified":"2014-02-26T21:15:39.471Z","name":"Spanish,
        Class 801 - 801 - J. Doyle (Section 1)","period":"2","school":"530e595026403103360ff9ff","sis_id":"945","students":["530e5960049e75a9262cff37","530e5960049e75a9262cff9e","530e5961049e75a9262d0011","530e5961049e75a9262d0014","530e5962049e75a9262d00e1","530e5963049e75a9262d01d0","530e5963049e75a9262d01d1","530e5963049e75a9262d01dc","530e5963049e75a9262d01ed","530e5963049e75a9262d0228","530e5963049e75a9262d0252","530e5964049e75a9262d0291","530e5964049e75a9262d02cb","530e5965049e75a9262d031d","530e5965049e75a9262d0395","530e5965049e75a9262d03b8","530e5965049e75a9262d03c2","530e5966049e75a9262d03f0","530e5967049e75a9262d0515","530e5967049e75a9262d053e","530e5967049e75a9262d0542","530e5967049e75a9262d0592","530e5967049e75a9262d05af","530e5968049e75a9262d05d8","530e5968049e75a9262d05da","530e5968049e75a9262d061d"],"subject":"language","teacher":"530e5955d50c310f36112bea","term":{"name":"Y1","start_date":"2012-08-01","end_date":"2013-06-01"},"id":"530e597b049e75a9262d0c5d"},"uri":"/v1.1/sections/530e597b049e75a9262d0c5d"},{"data":{"course_name":"Spanish,
        Class 802","course_number":"802","created":"2014-02-26T21:15:39.472Z","district":"4fd43cc56d11340000000005","grade":"8","last_modified":"2014-02-26T21:15:39.473Z","name":"Spanish,
        Class 802 - 802 - J. Doyle (Section 2)","period":"2","school":"530e595026403103360ff9ff","sis_id":"946","students":["530e5960049e75a9262cff29","530e5960049e75a9262cff57","530e5961049e75a9262cffe5","530e5961049e75a9262d0013","530e5962049e75a9262d009c","530e5962049e75a9262d00b4","530e5962049e75a9262d00c7","530e5962049e75a9262d00df","530e5962049e75a9262d00e5","530e5963049e75a9262d0199","530e5963049e75a9262d01ca","530e5963049e75a9262d01d8","530e5965049e75a9262d0321","530e5965049e75a9262d0393","530e5965049e75a9262d0396","530e5965049e75a9262d039c","530e5965049e75a9262d03a0","530e5965049e75a9262d03bb","530e5965049e75a9262d03d5","530e5966049e75a9262d0414","530e5966049e75a9262d041b","530e5966049e75a9262d0421","530e5966049e75a9262d0446","530e5967049e75a9262d04e6","530e5967049e75a9262d0543","530e5968049e75a9262d0628"],"subject":"language","teacher":"530e5955d50c310f36112bea","term":{"name":"Y1","start_date":"2012-08-01","end_date":"2013-06-01"},"id":"530e597b049e75a9262d0c5e"},"uri":"/v1.1/sections/530e597b049e75a9262d0c5e"},{"data":{"course_name":"Spanish,
        Class 803","course_number":"803","created":"2014-02-26T21:15:39.474Z","district":"4fd43cc56d11340000000005","grade":"8","last_modified":"2014-02-26T21:15:39.476Z","name":"Spanish,
        Class 803 - 803 - J. Doyle (Section 3)","period":"2","school":"530e595026403103360ff9ff","sis_id":"947","students":["530e5960049e75a9262cff22","530e5960049e75a9262cff79","530e5960049e75a9262cffa4","530e5961049e75a9262cffec","530e5961049e75a9262d000e","530e5961049e75a9262d0061","530e5962049e75a9262d0108","530e5962049e75a9262d013d","530e5962049e75a9262d0148","530e5962049e75a9262d017c","530e5963049e75a9262d01e4","530e5963049e75a9262d022e","530e5963049e75a9262d0254","530e5965049e75a9262d0356","530e5965049e75a9262d038c","530e5965049e75a9262d03ea","530e5966049e75a9262d0429","530e5966049e75a9262d049c","530e5967049e75a9262d04eb","530e5967049e75a9262d04fd","530e5967049e75a9262d05aa","530e5968049e75a9262d05ca","530e5968049e75a9262d0619","530e5968049e75a9262d061a","530e5968049e75a9262d061b","530e5968049e75a9262d0629"],"subject":"language","teacher":"530e5955d50c310f36112bea","term":{"name":"Y1","start_date":"2012-08-01","end_date":"2013-06-01"},"id":"530e597b049e75a9262d0c5f"},"uri":"/v1.1/sections/530e597b049e75a9262d0c5f"},{"data":{"course_name":"Spanish
        I","course_number":"101","created":"2014-02-26T21:15:39.477Z","district":"4fd43cc56d11340000000005","grade":"9","last_modified":"2014-02-26T21:15:39.479Z","name":"Spanish
        I - 101 - L. Jacobs (Section 1)","period":"9","school":"530e595026403103360ff9fd","sis_id":"948","students":["530e5960049e75a9262cff27","530e5960049e75a9262cffa2","530e5961049e75a9262cffcd","530e5961049e75a9262d000c","530e5961049e75a9262d001a","530e5961049e75a9262d0038","530e5961049e75a9262d007d","530e5961049e75a9262d0085","530e5961049e75a9262d0089","530e5961049e75a9262d008f","530e5962049e75a9262d00ba","530e5962049e75a9262d0127","530e5962049e75a9262d0174","530e5963049e75a9262d01db","530e5963049e75a9262d0203","530e5963049e75a9262d021b","530e5963049e75a9262d0229","530e5964049e75a9262d0299","530e5964049e75a9262d02b6","530e5964049e75a9262d02f3","530e5964049e75a9262d0309","530e5965049e75a9262d038e","530e5965049e75a9262d03a2","530e5966049e75a9262d03fc","530e5966049e75a9262d042b","530e5966049e75a9262d045e","530e5966049e75a9262d04a5","530e5966049e75a9262d04d7","530e5967049e75a9262d0501","530e5967049e75a9262d05a8","530e5968049e75a9262d05e2","530e5968049e75a9262d0614","530e5968049e75a9262d0640"],"subject":"language","teacher":"530e5955d50c310f36112bf8","term":{"name":"Y1","start_date":"2012-08-01","end_date":"2013-06-01"},"id":"530e597b049e75a9262d0c60"},"uri":"/v1.1/sections/530e597b049e75a9262d0c60"},{"data":{"course_name":"Spanish
        I","course_number":"101","created":"2014-02-26T21:15:39.480Z","district":"4fd43cc56d11340000000005","grade":"9","last_modified":"2014-02-26T21:15:39.482Z","name":"Spanish
        I - 101 - L. Jacobs (Section 2)","period":"9","school":"530e595026403103360ff9fd","sis_id":"949","students":["530e5960049e75a9262cff23","530e5960049e75a9262cff3c","530e5960049e75a9262cff42","530e5960049e75a9262cff58","530e5961049e75a9262d0034","530e5961049e75a9262d0048","530e5961049e75a9262d0062","530e5961049e75a9262d007f","530e5962049e75a9262d00b7","530e5962049e75a9262d00e6","530e5962049e75a9262d0110","530e5963049e75a9262d0181","530e5963049e75a9262d019f","530e5963049e75a9262d01a2","530e5963049e75a9262d01a4","530e5963049e75a9262d01f8","530e5963049e75a9262d01fb","530e5963049e75a9262d020f","530e5963049e75a9262d0231","530e5964049e75a9262d0276","530e5964049e75a9262d02d3","530e5965049e75a9262d033c","530e5965049e75a9262d034f","530e5965049e75a9262d03a5","530e5966049e75a9262d046a","530e5966049e75a9262d048d","530e5966049e75a9262d0495","530e5967049e75a9262d052d","530e5967049e75a9262d0575","530e5967049e75a9262d05b7","530e5967049e75a9262d05be","530e5968049e75a9262d05d4","530e5968049e75a9262d063a","530e5968049e75a9262d0646"],"subject":"language","teacher":"530e5955d50c310f36112bf8","term":{"name":"Y1","start_date":"2012-08-01","end_date":"2013-06-01"},"id":"530e597b049e75a9262d0c61"},"uri":"/v1.1/sections/530e597b049e75a9262d0c61"},{"data":{"course_name":"Introduction
        to Programming","course_number":"200","created":"2014-02-26T21:15:39.483Z","district":"4fd43cc56d11340000000005","grade":"10","last_modified":"2014-02-26T21:15:39.485Z","name":"Introduction
        to Programming - 200 - L. Corwin","period":"2","school":"530e595026403103360ff9fd","sis_id":"950","students":["530e5960049e75a9262cff21","530e5960049e75a9262cff26","530e5960049e75a9262cff4f","530e5961049e75a9262cffd9","530e5961049e75a9262cffe0","530e5961049e75a9262d004e","530e5962049e75a9262d00b6","530e5963049e75a9262d017f","530e5963049e75a9262d01cc","530e5963049e75a9262d01ff","530e5963049e75a9262d0207","530e5964049e75a9262d0297","530e5965049e75a9262d031b","530e5965049e75a9262d039e","530e5966049e75a9262d041c","530e5966049e75a9262d04ba","530e5967049e75a9262d0503","530e5967049e75a9262d058b","530e5967049e75a9262d0596","530e5968049e75a9262d061f"],"subject":"technology
        and engineering","teacher":"530e5955d50c310f36112c01","term":{"name":"Y1","start_date":"2012-08-01","end_date":"2013-06-01"},"id":"530e597b049e75a9262d0c62"},"uri":"/v1.1/sections/530e597b049e75a9262d0c62"},{"data":{"course_name":"Intermediate
        Programming","course_number":"300","created":"2014-02-26T21:15:39.486Z","district":"4fd43cc56d11340000000005","grade":"11","last_modified":"2014-02-26T21:15:39.488Z","name":"Intermediate
        Programming - 300 - L. Corwin","period":"7","school":"530e595026403103360ff9fd","sis_id":"951","students":["530e5960049e75a9262cff4d","530e5960049e75a9262cff53","530e5961049e75a9262cffe1","530e5962049e75a9262d010e","530e5963049e75a9262d019d","530e5963049e75a9262d01cd","530e5963049e75a9262d01d2","530e5963049e75a9262d01fc","530e5963049e75a9262d01fd","530e5963049e75a9262d0255","530e5964049e75a9262d0281","530e5964049e75a9262d02eb","530e5965049e75a9262d037c","530e5966049e75a9262d0408","530e5966049e75a9262d0420","530e5966049e75a9262d048f","530e5967049e75a9262d05a1","530e5968049e75a9262d05eb","530e5968049e75a9262d0633","530e5968049e75a9262d0639"],"subject":"technology
        and engineering","teacher":"530e5955d50c310f36112c01","term":{"name":"Y1","start_date":"2012-08-01","end_date":"2013-06-01"},"id":"530e597b049e75a9262d0c63"},"uri":"/v1.1/sections/530e597b049e75a9262d0c63"},{"data":{"course_name":"AP
        Computer Science","course_number":"401","created":"2014-02-26T21:15:39.489Z","district":"4fd43cc56d11340000000005","grade":"12","last_modified":"2014-02-26T21:15:39.490Z","name":"AP
        Computer Science - 401 - L. Corwin (Section 1)","period":"8","school":"530e595026403103360ff9fd","sis_id":"952","students":["530e5960049e75a9262cff90","530e5961049e75a9262cffef","530e5961049e75a9262cfff7","530e5961049e75a9262d0039","530e5963049e75a9262d0227","530e5964049e75a9262d02ac","530e5964049e75a9262d02b5","530e5964049e75a9262d02fe","530e5965049e75a9262d0332","530e5965049e75a9262d0363","530e5965049e75a9262d03e5","530e5966049e75a9262d03f6","530e5966049e75a9262d0467","530e5967049e75a9262d04f7","530e5967049e75a9262d0584","530e5967049e75a9262d05bc","530e5967049e75a9262d05bd","530e5968049e75a9262d05dc","530e5968049e75a9262d05ec","530e5968049e75a9262d063b"],"subject":"technology
        and engineering","teacher":"530e5955d50c310f36112c01","term":{"name":"Y1","start_date":"2012-08-01","end_date":"2013-06-01"},"id":"530e597b049e75a9262d0c64"},"uri":"/v1.1/sections/530e597b049e75a9262d0c64"},{"data":{"course_name":"Technology,
        Class 601","course_number":"601","created":"2014-02-26T21:15:39.491Z","district":"4fd43cc56d11340000000005","grade":"6","last_modified":"2014-02-26T21:15:39.493Z","name":"Technology,
        Class 601 - 601 - T. Schultz","period":"8","school":"530e595026403103360ff9ff","sis_id":"953","students":["530e5960049e75a9262cff25","530e5960049e75a9262cff50","530e5960049e75a9262cff61","530e5960049e75a9262cff86","530e5961049e75a9262cffb4","530e5962049e75a9262d0125","530e5962049e75a9262d0129","530e5963049e75a9262d0204","530e5963049e75a9262d025e","530e5963049e75a9262d0260","530e5964049e75a9262d0266","530e5964049e75a9262d027d","530e5964049e75a9262d02b2","530e5965049e75a9262d036b","530e5965049e75a9262d03c3","530e5966049e75a9262d041a","530e5966049e75a9262d0460","530e5966049e75a9262d0472","530e5966049e75a9262d04af","530e5967049e75a9262d0522","530e5967049e75a9262d055b","530e5967049e75a9262d0589","530e5968049e75a9262d05d7","530e5968049e75a9262d05d9","530e5968049e75a9262d05df","530e5968049e75a9262d060f"],"subject":"technology
        and engineering","teacher":"530e5955d50c310f36112bee","term":{"name":"Y1","start_date":"2012-08-01","end_date":"2013-06-01"},"id":"530e597b049e75a9262d0c65"},"uri":"/v1.1/sections/530e597b049e75a9262d0c65"},{"data":{"course_name":"Technology,
        Class 602","course_number":"602","created":"2014-02-26T21:15:39.494Z","district":"4fd43cc56d11340000000005","grade":"6","last_modified":"2014-02-26T21:15:39.496Z","name":"Technology,
        Class 602 - 602 - T. Schultz","period":"8","school":"530e595026403103360ff9ff","sis_id":"954","students":["530e5960049e75a9262cff4e","530e5961049e75a9262cffed","530e5961049e75a9262cfff5","530e5961049e75a9262d0009","530e5961049e75a9262d000f","530e5961049e75a9262d005e","530e5961049e75a9262d0083","530e5962049e75a9262d0098","530e5962049e75a9262d00a0","530e5962049e75a9262d00d4","530e5962049e75a9262d010b","530e5963049e75a9262d0220","530e5964049e75a9262d02b3","530e5964049e75a9262d02b8","530e5964049e75a9262d02f6","530e5965049e75a9262d034c","530e5965049e75a9262d0389","530e5965049e75a9262d03c5","530e5966049e75a9262d041e","530e5966049e75a9262d0494","530e5967049e75a9262d05ae","530e5967049e75a9262d05c4","530e5968049e75a9262d05d6","530e5968049e75a9262d05f3","530e5968049e75a9262d05ff","530e5968049e75a9262d060b"],"subject":"technology
        and engineering","teacher":"530e5955d50c310f36112bee","term":{"name":"Y1","start_date":"2012-08-01","end_date":"2013-06-01"},"id":"530e597b049e75a9262d0c66"},"uri":"/v1.1/sections/530e597b049e75a9262d0c66"},{"data":{"course_name":"Technology,
        Class 603","course_number":"603","created":"2014-02-26T21:15:39.497Z","district":"4fd43cc56d11340000000005","grade":"6","last_modified":"2014-02-26T21:15:39.499Z","name":"Technology,
        Class 603 - 603 - T. Schultz","period":"8","school":"530e595026403103360ff9ff","sis_id":"955","students":["530e5960049e75a9262cff49","530e5960049e75a9262cff64","530e5961049e75a9262cffd7","530e5961049e75a9262cffe6","530e5961049e75a9262cffe7","530e5962049e75a9262d00b1","530e5962049e75a9262d00da","530e5962049e75a9262d00e0","530e5962049e75a9262d0132","530e5962049e75a9262d013b","530e5962049e75a9262d0168","530e5965049e75a9262d03b7","530e5966049e75a9262d03fa","530e5966049e75a9262d0433","530e5966049e75a9262d0497","530e5966049e75a9262d04c1","530e5967049e75a9262d04df","530e5967049e75a9262d051d","530e5967049e75a9262d058f","530e5967049e75a9262d05b8","530e5968049e75a9262d05cf","530e5968049e75a9262d0626","530e5968049e75a9262d062d","530e5968049e75a9262d062e","530e5968049e75a9262d0641","530e5968049e75a9262d064a"],"subject":"technology
        and engineering","teacher":"530e5955d50c310f36112bee","term":{"name":"Y1","start_date":"2012-08-01","end_date":"2013-06-01"},"id":"530e597b049e75a9262d0c67"},"uri":"/v1.1/sections/530e597b049e75a9262d0c67"},{"data":{"course_name":"Introduction
        to Web Design","course_number":"100","created":"2014-02-26T21:15:39.500Z","district":"4fd43cc56d11340000000005","grade":"9","last_modified":"2014-02-26T21:15:39.502Z","name":"Introduction
        to Web Design - 100 - L. Corwin","period":"1","school":"530e595026403103360ff9fd","sis_id":"956","students":["530e5960049e75a9262cff1e","530e5960049e75a9262cff27","530e5960049e75a9262cff7a","530e5961049e75a9262d0089","530e5962049e75a9262d00e6","530e5963049e75a9262d01db","530e5963049e75a9262d020f","530e5963049e75a9262d0211","530e5963049e75a9262d0229","530e5964049e75a9262d0309","530e5965049e75a9262d033f","530e5965049e75a9262d038f","530e5966049e75a9262d03f8","530e5966049e75a9262d0468","530e5966049e75a9262d046c","530e5966049e75a9262d0471","530e5966049e75a9262d0495","530e5967049e75a9262d0590","530e5968049e75a9262d05d4","530e5968049e75a9262d063a"],"subject":"technology
        and engineering","teacher":"530e5955d50c310f36112c01","term":{"name":"Y1","start_date":"2012-08-01","end_date":"2013-06-01"},"id":"530e597b049e75a9262d0c68"},"uri":"/v1.1/sections/530e597b049e75a9262d0c68"},{"data":{"course_name":"Intermediate
        Visual Arts","course_number":"200","created":"2014-02-26T21:15:39.503Z","district":"4fd43cc56d11340000000005","grade":"10","last_modified":"2014-02-26T21:15:39.504Z","name":"Intermediate
        Visual Arts - 200 - J. Page","period":"2","school":"530e595026403103360ff9fd","sis_id":"957","students":["530e5960049e75a9262cff1f","530e5960049e75a9262cff7b","530e5960049e75a9262cff95","530e5961049e75a9262d0020","530e5961049e75a9262d0027","530e5961049e75a9262d0035","530e5962049e75a9262d0102","530e5962049e75a9262d012b","530e5962049e75a9262d0133","530e5962049e75a9262d0156","530e5962049e75a9262d0158","530e5964049e75a9262d0300","530e5965049e75a9262d0383","530e5966049e75a9262d0418","530e5966049e75a9262d0455","530e5966049e75a9262d0475","530e5967049e75a9262d0577","530e5967049e75a9262d05c0","530e5968049e75a9262d05fc","530e5968049e75a9262d0647"],"subject":"arts
        and music","teacher":"530e5955d50c310f36112c0a","term":{"name":"Y1","start_date":"2012-08-01","end_date":"2013-06-01"},"id":"530e597b049e75a9262d0c69"},"uri":"/v1.1/sections/530e597b049e75a9262d0c69"},{"data":{"course_name":"Advanced
        Visual Arts","course_number":"300","created":"2014-02-26T21:15:39.505Z","district":"4fd43cc56d11340000000005","grade":"11","last_modified":"2014-02-26T21:15:39.507Z","name":"Advanced
        Visual Arts - 300 - J. Page (Section 1)","period":"7","school":"530e595026403103360ff9fd","sis_id":"958","students":["530e5960049e75a9262cff2f","530e5960049e75a9262cff98","530e5961049e75a9262d004c","530e5961049e75a9262d0086","530e5962049e75a9262d00bd","530e5963049e75a9262d0205","530e5963049e75a9262d022c","530e5964049e75a9262d02a2","530e5964049e75a9262d02e7","530e5965049e75a9262d0328","530e5966049e75a9262d03f2","530e5966049e75a9262d0416","530e5966049e75a9262d046b","530e5966049e75a9262d047e","530e5966049e75a9262d04d3","530e5967049e75a9262d04ff","530e5967049e75a9262d0527","530e5968049e75a9262d0634","530e5968049e75a9262d0636","530e5968049e75a9262d064b"],"subject":"arts
        and music","teacher":"530e5955d50c310f36112c0a","term":{"name":"Y1","start_date":"2012-08-01","end_date":"2013-06-01"},"id":"530e597b049e75a9262d0c6a"},"uri":"/v1.1/sections/530e597b049e75a9262d0c6a"},{"data":{"course_name":"AP
        Art History","course_number":"404","created":"2014-02-26T21:15:39.508Z","district":"4fd43cc56d11340000000005","grade":"12","last_modified":"2014-02-26T21:15:39.510Z","name":"AP
        Art History - 404 - R. Plant (Section 1)","period":"8","school":"530e595026403103360ff9fd","sis_id":"959","students":["530e5960049e75a9262cff6a","530e5961049e75a9262d000d","530e5961049e75a9262d005b","530e5963049e75a9262d0197","530e5963049e75a9262d01d6","530e5963049e75a9262d020b","530e5963049e75a9262d021d","530e5964049e75a9262d02d4","530e5965049e75a9262d0379","530e5965049e75a9262d03ee","530e5967049e75a9262d04fe","530e5967049e75a9262d0563","530e5967049e75a9262d058c","530e5967049e75a9262d0591","530e5968049e75a9262d05dd","530e5968049e75a9262d05fa","530e5968049e75a9262d060c","530e5968049e75a9262d0622","530e5968049e75a9262d062a","530e5968049e75a9262d063f"],"subject":"social
        studies","teacher":"530e5955d50c310f36112c09","term":{"name":"Y1","start_date":"2012-08-01","end_date":"2013-06-01"},"id":"530e597b049e75a9262d0c6b"},"uri":"/v1.1/sections/530e597b049e75a9262d0c6b"},{"data":{"course_name":"Introduction
        to Visual Arts","course_number":"100","created":"2014-02-26T21:15:39.511Z","district":"4fd43cc56d11340000000005","grade":"9","last_modified":"2014-02-26T21:15:39.513Z","name":"Introduction
        to Visual Arts - 100 - R. Plant","period":"1","school":"530e595026403103360ff9fd","sis_id":"960","students":["530e5960049e75a9262cff3c","530e5961049e75a9262cffcd","530e5961049e75a9262d001a","530e5961049e75a9262d0038","530e5961049e75a9262d0048","530e5961049e75a9262d0085","530e5962049e75a9262d00e8","530e5962049e75a9262d015f","530e5963049e75a9262d01a2","530e5963049e75a9262d022f","530e5964049e75a9262d02d3","530e5965049e75a9262d0325","530e5966049e75a9262d04d7","530e5967049e75a9262d0501","530e5967049e75a9262d052d","530e5967049e75a9262d05b5","530e5967049e75a9262d05be","530e5968049e75a9262d05cb","530e5968049e75a9262d061c","530e5968049e75a9262d063c"],"subject":"arts
        and music","teacher":"530e5955d50c310f36112c09","term":{"name":"Y1","start_date":"2012-08-01","end_date":"2013-06-01"},"id":"530e597b049e75a9262d0c6c"},"uri":"/v1.1/sections/530e597b049e75a9262d0c6c"}],"links":[{"rel":"self","uri":"/v1.1/sections?ending_before=last&limit=20"},{"rel":"prev","uri":"/v1.1/sections?limit=20&ending_before=530e597b049e75a9262d0c59"}]}'
    http_version:
  recorded_at: Wed, 23 Sep 2015 14:52:36 GMT
- request:
    method: get
    uri: https://api.clever.com/v1.1/teachers?ending_before=last&limit=1
    body:
      encoding: US-ASCII
      string: ''
    headers:
      Accept:
      - "*/*; q=0.5, application/xml"
      Accept-Encoding:
      - gzip, deflate
      Authorization:
      - Bearer DEMO_TOKEN
      User-Agent:
      - Ruby
  response:
    status:
      code: 200
      message: OK
    headers:
      Access-Control-Allow-Headers:
      - Content-Type,Authorization,X-Requested-With,Accept,Origin,Referer,User-Agent
      Access-Control-Allow-Methods:
      - GET,PATCH,POST,DELETE
      Access-Control-Allow-Origin:
      - "*"
      Content-Type:
      - application/json; charset=utf-8
      Date:
      - Wed, 23 Sep 2015 14:52:37 GMT
      X-Powered-By:
      - Express
      X-Ratelimit-Bucket:
      - bearer
      X-Ratelimit-Limit:
      - '1200'
      X-Ratelimit-Remaining:
      - '1189'
      X-Ratelimit-Reset:
      - '1443020012'
      Content-Length:
      - '658'
      Connection:
      - keep-alive
    body:
      encoding: UTF-8
      string: '{"data":[{"data":{"created":"2014-02-26T21:15:01.572Z","credentials":{"district_username":"m_paucek","district_password":"jhga8salgh"},"district":"4fd43cc56d11340000000005","email":"paucek_m@example.org","last_modified":"2014-02-26T21:15:01.574Z","name":{"first":"Meaghan","middle":"P","last":"Paucek"},"school":"530e595026403103360ff9fd","sis_id":"93","teacher_number":"843713","title":"High
        School Drama Teacher","id":"530e5955d50c310f36112c19"},"uri":"/v1.1/teachers/530e5955d50c310f36112c19"}],"links":[{"rel":"self","uri":"/v1.1/teachers?ending_before=last&limit=1"},{"rel":"prev","uri":"/v1.1/teachers?limit=1&ending_before=530e5955d50c310f36112c19"}]}'
    http_version:
  recorded_at: Wed, 23 Sep 2015 14:52:37 GMT
- request:
    method: get
    uri: https://api.clever.com/v1.1/teachers?ending_before=last&limit=20
    body:
      encoding: US-ASCII
      string: ''
    headers:
      Accept:
      - "*/*; q=0.5, application/xml"
      Accept-Encoding:
      - gzip, deflate
      Authorization:
      - Bearer DEMO_TOKEN
      User-Agent:
      - Ruby
  response:
    status:
      code: 200
      message: OK
    headers:
      Access-Control-Allow-Headers:
      - Content-Type,Authorization,X-Requested-With,Accept,Origin,Referer,User-Agent
      Access-Control-Allow-Methods:
      - GET,PATCH,POST,DELETE
      Access-Control-Allow-Origin:
      - "*"
      Content-Type:
      - application/json; charset=utf-8
      Date:
      - Wed, 23 Sep 2015 14:52:37 GMT
      X-Powered-By:
      - Express
      X-Ratelimit-Bucket:
      - bearer
      X-Ratelimit-Limit:
      - '1200'
      X-Ratelimit-Remaining:
      - '1188'
      X-Ratelimit-Reset:
      - '1443020012'
      Content-Length:
      - '10151'
      Connection:
      - keep-alive
    body:
      encoding: UTF-8
      string: '{"data":[{"data":{"created":"2014-02-26T21:15:01.488Z","credentials":{"district_username":"coulton.john","district_password":"posi924adA"},"district":"4fd43cc56d11340000000005","email":"john.coulton@example.net","last_modified":"2014-02-26T21:15:01.491Z","name":{"first":"John","middle":"D","last":"Coulton"},"school":"530e595026403103360ff9fd","sis_id":"72","teacher_number":"900381","title":"High
        School Music Teacher","id":"530e5955d50c310f36112c06"},"uri":"/v1.1/teachers/530e5955d50c310f36112c06"},{"data":{"created":"2014-02-26T21:15:01.493Z","credentials":{"district_username":"mccartney_paula","district_password":"jf098fjdk2a"},"district":"4fd43cc56d11340000000005","email":"paula_mccartney@example.org","last_modified":"2014-02-26T21:15:01.494Z","name":{"first":"Paula","middle":"H","last":"McCartney"},"school":"530e595026403103360ff9fd","sis_id":"75","teacher_number":"847826","title":"High
        School Health and Physical Education Teacher","id":"530e5955d50c310f36112c07"},"uri":"/v1.1/teachers/530e5955d50c310f36112c07"},{"data":{"created":"2014-02-26T21:15:01.496Z","credentials":{"district_username":"roger_gadsby","district_password":"lkjgf8hasdofjh"},"district":"4fd43cc56d11340000000005","email":"gadsby.roger@example.com","last_modified":"2014-02-26T21:15:01.497Z","name":{"first":"Roger","middle":"X","last":"Gadsby"},"school":"530e595026403103360ff9fd","sis_id":"76","teacher_number":"219349","title":"High
        School Music Teacher","id":"530e5955d50c310f36112c08"},"uri":"/v1.1/teachers/530e5955d50c310f36112c08"},{"data":{"created":"2014-02-26T21:15:01.499Z","credentials":{"district_username":"plant_robin","district_password":"84dhhfsfgh"},"district":"4fd43cc56d11340000000005","email":"robin_plant@example.org","last_modified":"2014-02-26T21:15:01.501Z","name":{"first":"Robin","middle":"M","last":"Plant"},"school":"530e595026403103360ff9fd","sis_id":"77","teacher_number":"532771","title":"High
        School Arts Teacher","id":"530e5955d50c310f36112c09"},"uri":"/v1.1/teachers/530e5955d50c310f36112c09"},{"data":{"created":"2014-02-26T21:15:01.502Z","credentials":{"district_username":"page.james","district_password":"843r5hfsajfh"},"district":"4fd43cc56d11340000000005","email":"page.james@example.net","last_modified":"2014-02-26T21:15:01.504Z","name":{"first":"James","middle":"V","last":"Page"},"school":"530e595026403103360ff9fd","sis_id":"78","teacher_number":"884763","title":"High
        School Arts Teacher","id":"530e5955d50c310f36112c0a"},"uri":"/v1.1/teachers/530e5955d50c310f36112c0a"},{"data":{"created":"2014-02-26T21:15:01.505Z","credentials":{"district_username":"ray_logan","district_password":"u30rufjnasdf"},"district":"4fd43cc56d11340000000005","email":"ray.logan@example.net","last_modified":"2014-02-26T21:15:01.507Z","name":{"first":"Logan","middle":"K","last":"Ray"},"school":"530e595026403103360ff9fd","sis_id":"79","teacher_number":"592128","title":"High
        School Technology Teacher","id":"530e5955d50c310f36112c0b"},"uri":"/v1.1/teachers/530e5955d50c310f36112c0b"},{"data":{"created":"2014-02-26T21:15:01.510Z","credentials":{"district_username":"janae.doyle","district_password":"ahVu5ush0"},"district":"4fd43cc56d11340000000005","email":"janae.doyle@example.com","last_modified":"2014-02-26T21:15:01.513Z","name":{"first":"Janae","middle":"S","last":"Doyle"},"school":"530e595026403103360ff9fe","sis_id":"8","teacher_number":"440236","title":"High
        School History Teacher","id":"530e5955d50c310f36112c0c"},"uri":"/v1.1/teachers/530e5955d50c310f36112c0c"},{"data":{"created":"2014-02-26T21:15:01.516Z","credentials":{"district_username":"james_washington","district_password":"nvsjdfg83fh"},"district":"4fd43cc56d11340000000005","email":"washington_james@example.net","last_modified":"2014-02-26T21:15:01.517Z","name":{"first":"James","middle":"Y","last":"Washington"},"school":"530e595026403103360ff9fd","sis_id":"82","teacher_number":"962081","title":"High
        School Science Teacher","id":"530e5955d50c310f36112c0d"},"uri":"/v1.1/teachers/530e5955d50c310f36112c0d"},{"data":{"created":"2014-02-26T21:15:01.519Z","credentials":{"district_username":"madison.samantha","district_password":"efjhw20"},"district":"4fd43cc56d11340000000005","email":"samantha_madison@example.net","last_modified":"2014-02-26T21:15:01.521Z","name":{"first":"Samantha","middle":"U","last":"Madison"},"school":"530e595026403103360ff9ff","sis_id":"83","teacher_number":"557191","title":"Middle
        School Guidance Counselor","id":"530e5955d50c310f36112c0e"},"uri":"/v1.1/teachers/530e5955d50c310f36112c0e"},{"data":{"created":"2014-02-26T21:15:01.522Z","credentials":{"district_username":"rachel.monroe","district_password":"fajshgnv83d"},"district":"4fd43cc56d11340000000005","email":"rachel.monroe@example.net","last_modified":"2014-02-26T21:15:01.536Z","name":{"first":"Rachel","middle":"A","last":"Monroe"},"school":"530e595026403103360ff9ff","sis_id":"84","teacher_number":"328889","title":"Middle
        School Guidance Counselor","id":"530e5955d50c310f36112c0f"},"uri":"/v1.1/teachers/530e5955d50c310f36112c0f"},{"data":{"created":"2014-02-26T21:15:01.537Z","credentials":{"district_username":"kari_hudson","district_password":"dfafsbe5tw3"},"district":"4fd43cc56d11340000000005","email":"kari.hudson@example.net","last_modified":"2014-02-26T21:15:01.538Z","name":{"first":"Kari","middle":"H","last":"Hudson"},"school":"530e595026403103360ff9ff","sis_id":"85","teacher_number":"989342","title":"Middle
        School Guidance Counselor","id":"530e5955d50c310f36112c10"},"uri":"/v1.1/teachers/530e5955d50c310f36112c10"},{"data":{"created":"2014-02-26T21:15:01.541Z","credentials":{"district_username":"brianna.greene","district_password":"878fddh"},"district":"4fd43cc56d11340000000005","email":"brianna.greene@example.org","last_modified":"2014-02-26T21:15:01.542Z","name":{"first":"Brianna","middle":"P","last":"Greene"},"school":"530e595026403103360ff9fd","sis_id":"86","teacher_number":"595853","title":"High
        School Guidance Counselor","id":"530e5955d50c310f36112c11"},"uri":"/v1.1/teachers/530e5955d50c310f36112c11"},{"data":{"created":"2014-02-26T21:15:01.544Z","credentials":{"district_username":"vaux_tracy","district_password":"09876dfgh"},"district":"4fd43cc56d11340000000005","email":"vaux_tracy@example.com","last_modified":"2014-02-26T21:15:01.547Z","name":{"first":"Tracy","middle":"A","last":"Vaux"},"school":"530e595026403103360ff9fd","sis_id":"87","teacher_number":"148041","title":"High
        School Guidance Counselor","id":"530e5955d50c310f36112c12"},"uri":"/v1.1/teachers/530e5955d50c310f36112c12"},{"data":{"created":"2014-02-26T21:15:01.549Z","credentials":{"district_username":"britcher_elizabeth","district_password":"password1"},"district":"4fd43cc56d11340000000005","email":"elizabeth.britcher@example.net","last_modified":"2014-02-26T21:15:01.553Z","name":{"first":"Elizabeth","middle":"H","last":"Britcher"},"school":"530e595026403103360ff9fd","sis_id":"88","teacher_number":"969161","title":"High
        School Guidance Counselor","id":"530e5955d50c310f36112c13"},"uri":"/v1.1/teachers/530e5955d50c310f36112c13"},{"data":{"created":"2014-02-26T21:15:01.554Z","credentials":{"district_username":"josephine.isaacs","district_password":"rgrgj924"},"district":"4fd43cc56d11340000000005","email":"josephine_isaacs@example.com","last_modified":"2014-02-26T21:15:01.556Z","name":{"first":"Josephine","middle":"K","last":"Isaacs"},"school":"530e595026403103360ff9fd","sis_id":"89","teacher_number":"565897","title":"College
        Counselor","id":"530e5955d50c310f36112c14"},"uri":"/v1.1/teachers/530e5955d50c310f36112c14"},{"data":{"created":"2014-02-26T21:15:01.561Z","credentials":{"district_username":"santa_block","district_password":"Aisew0eax"},"district":"4fd43cc56d11340000000005","email":"block.santa@example.org","last_modified":"2014-02-26T21:15:01.562Z","name":{"first":"Santa","middle":"M","last":"Block"},"school":"530e595026403103360ff9fe","sis_id":"9","teacher_number":"855606","title":"Grade
        3 Common Branch Teacher","id":"530e5955d50c310f36112c15"},"uri":"/v1.1/teachers/530e5955d50c310f36112c15"},{"data":{"created":"2014-02-26T21:15:01.563Z","credentials":{"district_username":"cummings_jacklyn","district_password":"fido"},"district":"4fd43cc56d11340000000005","email":"jacklyn_cummings@example.org","last_modified":"2014-02-26T21:15:01.565Z","name":{"first":"Jacklyn","middle":"P","last":"Cummings"},"school":"530e595026403103360ff9fd","sis_id":"90","teacher_number":"857472","title":"Assistant
        Principal","id":"530e5955d50c310f36112c16"},"uri":"/v1.1/teachers/530e5955d50c310f36112c16"},{"data":{"created":"2014-02-26T21:15:01.566Z","credentials":{"district_username":"morgan.nagle","district_password":"48urjnslvdjbn0"},"district":"4fd43cc56d11340000000005","email":"nagle_morgan@example.com","last_modified":"2014-02-26T21:15:01.567Z","name":{"first":"Morgan","middle":"E","last":"Nagle"},"school":"530e595026403103360ff9fd","sis_id":"91","teacher_number":"712084","title":"Assistant
        Principal","id":"530e5955d50c310f36112c17"},"uri":"/v1.1/teachers/530e5955d50c310f36112c17"},{"data":{"created":"2014-02-26T21:15:01.568Z","credentials":{"district_username":"pennyworth.daniela","district_password":"hfhglh345d"},"district":"4fd43cc56d11340000000005","email":"pennyworth.daniela@example.net","last_modified":"2014-02-26T21:15:01.570Z","name":{"first":"Daniela","middle":"B","last":"Pennyworth"},"school":"530e595026403103360ff9fd","sis_id":"92","teacher_number":"499660","title":"Literacy
        Coach","id":"530e5955d50c310f36112c18"},"uri":"/v1.1/teachers/530e5955d50c310f36112c18"},{"data":{"created":"2014-02-26T21:15:01.572Z","credentials":{"district_username":"m_paucek","district_password":"jhga8salgh"},"district":"4fd43cc56d11340000000005","email":"paucek_m@example.org","last_modified":"2014-02-26T21:15:01.574Z","name":{"first":"Meaghan","middle":"P","last":"Paucek"},"school":"530e595026403103360ff9fd","sis_id":"93","teacher_number":"843713","title":"High
        School Drama Teacher","id":"530e5955d50c310f36112c19"},"uri":"/v1.1/teachers/530e5955d50c310f36112c19"}],"links":[{"rel":"self","uri":"/v1.1/teachers?ending_before=last&limit=20"},{"rel":"prev","uri":"/v1.1/teachers?limit=20&ending_before=530e5955d50c310f36112c06"}]}'
    http_version:
  recorded_at: Wed, 23 Sep 2015 14:52:38 GMT
- request:
    method: get
    uri: https://api.clever.com/v1.1/school_admins?ending_before=last&limit=1
    body:
      encoding: US-ASCII
      string: ''
    headers:
      Accept:
      - "*/*; q=0.5, application/xml"
      Accept-Encoding:
      - gzip, deflate
      Authorization:
      - Bearer DEMO_TOKEN
      User-Agent:
       - Ruby
  response:
    status:
      code: 200
      message: OK
    headers:
      Access-Control-Allow-Headers:
      - Content-Type,Authorization,X-Requested-With,Accept,Origin,Referer,User-Agent
      Access-Control-Allow-Methods:
      - GET,PATCH,POST,DELETE
      Access-Control-Allow-Origin:
      - "*"
      Content-Type:
      - application/json; charset=utf-8
      Date:
      - Wed, 23 Sep 2015 14:42:21 GMT
      X-Powered-By:
      - Express
      X-Ratelimit-Bucket:
      - bearer
      X-Ratelimit-Limit:
      - '1200'
      X-Ratelimit-Remaining:
      - '1193'
      X-Ratelimit-Reset:
      - '1443019399'
      Content-Length:
      - '352'
      Connection:
      - keep-alive
    body:
      encoding: UTF-8
      string: '{"data":[{"data":{"district":"4fd43cc56d11340000000005","email":"thinkerton@example.com","name":{"first":"Think","last":"Thinkerton"},"schools":["530e595026403103360ff9fd"],"staff_id":"1212","title":"Principal","id":"5601b814141fd30001000017"},"uri":"/v1.1/school_admins/5601b814141fd30001000017"}],"links":[{"rel":"self","uri":"/v1.1/school_admins?ending_before=last&limit=1"},{"rel":"prev","uri":"/v1.1/school_admins?limit=1&ending_before=5601b814141fd30001000017"}]}'
    http_version:
  recorded_at: Wed, 23 Sep 2015 14:52:37 GMT
- request:
    method: get
    uri: https://api.clever.com/v1.1/school_admins?ending_before=last&limit=20
    body:
      encoding: US-ASCII
      string: ''
    headers:
      Accept:
      - "*/*; q=0.5, application/xml"
      Accept-Encoding:
      - gzip, deflate
      Authorization:
      - Bearer DEMO_TOKEN
      User-Agent:
       - Ruby
  response:
    status:
      code: 200
      message: OK
    headers:
      Access-Control-Allow-Headers:
      - Content-Type,Authorization,X-Requested-With,Accept,Origin,Referer,User-Agent
      Access-Control-Allow-Methods:
      - GET,PATCH,POST,DELETE
      Access-Control-Allow-Origin:
      - "*"
      Content-Type:
      - application/json; charset=utf-8
      Date:
      - Wed, 23 Sep 2015 14:42:21 GMT
      X-Powered-By:
      - Express
      X-Ratelimit-Bucket:
      - bearer
      X-Ratelimit-Limit:
      - '1200'
      X-Ratelimit-Remaining:
      - '1193'
      X-Ratelimit-Reset:
      - '1443019399'
      Content-Length:
      - '352'
      Connection:
      - keep-alive
    body:
      encoding: UTF-8
      string: '{"data":[{"data":{"district":"4fd43cc56d11340000000005","email":"thinkerton@example.com","name":{"first":"Think","last":"Thinkerton"},"schools":["530e595026403103360ff9fd"],"staff_id":"1212","title":"Principal","id":"5601b814141fd30001000017"},"uri":"/v1.1/school_admins/5601b814141fd30001000017"}],"links":[{"rel":"self","uri":"/v1.1/school_admins?ending_before=last&limit=20"}]}'
    http_version:
  recorded_at: Wed, 23 Sep 2015 14:52:38 GMT
recorded_with: VCR 2.9.3
