---
http_interactions:
- request:
    method: get
    uri: https://DEMO_KEY:@api.getclever.com/v1.1/districts?page=1
    body:
      encoding: US-ASCII
      string: ''
    headers:
      Accept:
      - '*/*; q=0.5, application/xml'
      Accept-Encoding:
      - gzip, deflate
      User-Agent:
      - Ruby
  response:
    status:
      code: 200
      message: OK
    headers:
      Access-Control-Allow-Headers:
      - Content-Type,Authorization,X-Requested-With,Accept,Origin,Referer,User-Agent
      Access-Control-Allow-Methods:
      - GET,PUT,POST,DELETE
      Access-Control-Allow-Origin:
      - '*'
      Content-Type:
      - application/json; charset=utf-8
      Date:
      - Wed, 09 Oct 2013 21:53:41 GMT
      Server:
      - nginx/1.4.1
      X-Powered-By:
      - Express
      Content-Length:
      - '224'
      Connection:
      - keep-alive
    body:
      encoding: UTF-8
      string: '{"paging":{"current":1,"total":1,"count":1},"data":[{"data":{"name":"Demo
        District","id":"4fd43cc56d11340000000005"},"uri":"/v1.1/districts/4fd43cc56d11340000000005"}],"links":[{"rel":"self","uri":"/v1.1/districts?page=1"}]}'
    http_version: 
  recorded_at: Wed, 09 Oct 2013 21:53:39 GMT
- request:
    method: get
    uri: https://DEMO_KEY:@api.getclever.com/v1.1/districts/4fd43cc56d11340000000005
    body:
      encoding: US-ASCII
      string: ''
    headers:
      Accept:
      - '*/*; q=0.5, application/xml'
      Accept-Encoding:
      - gzip, deflate
      User-Agent:
      - Ruby
  response:
    status:
      code: 200
      message: OK
    headers:
      Access-Control-Allow-Headers:
      - Content-Type,Authorization,X-Requested-With,Accept,Origin,Referer,User-Agent
      Access-Control-Allow-Methods:
      - GET,PUT,POST,DELETE
      Access-Control-Allow-Origin:
      - '*'
      Content-Type:
      - application/json; charset=utf-8
      Date:
      - Wed, 09 Oct 2013 21:53:41 GMT
      Server:
      - nginx/1.4.1
      X-Powered-By:
      - Express
      Content-Length:
      - '599'
      Connection:
      - keep-alive
    body:
      encoding: UTF-8
      string: '{"data":{"name":"Demo District","id":"4fd43cc56d11340000000005"},"links":[{"rel":"self","uri":"/v1.1/districts/4fd43cc56d11340000000005"},{"rel":"schools","uri":"/v1.1/districts/4fd43cc56d11340000000005/schools"},{"rel":"teachers","uri":"/v1.1/districts/4fd43cc56d11340000000005/teachers"},{"rel":"students","uri":"/v1.1/districts/4fd43cc56d11340000000005/students"},{"rel":"sections","uri":"/v1.1/districts/4fd43cc56d11340000000005/sections"},{"rel":"properties","uri":"/v1.1/districts/4fd43cc56d11340000000005/properties"},{"rel":"events","uri":"/v1.1/districts/4fd43cc56d11340000000005/events"}]}'
    http_version: 
  recorded_at: Wed, 09 Oct 2013 21:53:40 GMT
- request:
    method: get
    uri: https://DEMO_KEY:@api.getclever.com/v1.1/districts/4fd43cc56d11340000000005
    body:
      encoding: US-ASCII
      string: ''
    headers:
      Accept:
      - '*/*; q=0.5, application/xml'
      Accept-Encoding:
      - gzip, deflate
      User-Agent:
      - Ruby
  response:
    status:
      code: 200
      message: OK
    headers:
      Access-Control-Allow-Headers:
      - Content-Type,Authorization,X-Requested-With,Accept,Origin,Referer,User-Agent
      Access-Control-Allow-Methods:
      - GET,PUT,POST,DELETE
      Access-Control-Allow-Origin:
      - '*'
      Content-Type:
      - application/json; charset=utf-8
      Date:
      - Wed, 09 Oct 2013 21:53:42 GMT
      Server:
      - nginx/1.4.1
      X-Powered-By:
      - Express
      Content-Length:
      - '599'
      Connection:
      - keep-alive
    body:
      encoding: UTF-8
      string: '{"data":{"name":"Demo District","id":"4fd43cc56d11340000000005"},"links":[{"rel":"self","uri":"/v1.1/districts/4fd43cc56d11340000000005"},{"rel":"schools","uri":"/v1.1/districts/4fd43cc56d11340000000005/schools"},{"rel":"teachers","uri":"/v1.1/districts/4fd43cc56d11340000000005/teachers"},{"rel":"students","uri":"/v1.1/districts/4fd43cc56d11340000000005/students"},{"rel":"sections","uri":"/v1.1/districts/4fd43cc56d11340000000005/sections"},{"rel":"properties","uri":"/v1.1/districts/4fd43cc56d11340000000005/properties"},{"rel":"events","uri":"/v1.1/districts/4fd43cc56d11340000000005/events"}]}'
    http_version: 
  recorded_at: Wed, 09 Oct 2013 21:53:40 GMT
- request:
    method: get
    uri: https://DEMO_KEY:@api.getclever.com//v1.1/districts/4fd43cc56d11340000000005/students?limit=2
    body:
      encoding: US-ASCII
      string: ''
    headers:
      Accept:
      - '*/*; q=0.5, application/xml'
      Accept-Encoding:
      - gzip, deflate
      User-Agent:
      - Ruby
  response:
    status:
      code: 200
      message: OK
    headers:
      Access-Control-Allow-Headers:
      - Content-Type,Authorization,X-Requested-With,Accept,Origin,Referer,User-Agent
      Access-Control-Allow-Methods:
      - GET,PUT,POST,DELETE
      Access-Control-Allow-Origin:
      - '*'
      Content-Type:
      - application/json; charset=utf-8
      Date:
      - Wed, 09 Oct 2013 21:53:42 GMT
      Etag:
      - '"-654666057"'
      Server:
      - nginx/1.4.1
      X-Powered-By:
      - Express
      Content-Length:
      - '1687'
      Connection:
      - keep-alive
    body:
      encoding: UTF-8
      string: '{"paging":{"current":1,"total":448,"count":895},"data":[{"data":{"district":"4fd43cc56d11340000000005","dob":"4/5/1998","email":"anita.morar@mailinator.com","frl_status":"Free","gender":"F","grade":"7","hispanic_ethnicity":"N","race":"Caucasian","school":"4fee004cca2e43cf27000003","sis_id":"4875","state_id":"3905945","student_number":"15593","credentials":{"district_username":"K.Orn","district_password":"0405"},"location":{"address":"13961
        Lueilwitz Cliff","city":"Deondreburgh","state":"MN","zip":"89575-9808","lat":"14.23999706748873","lon":"128.96796497516334"},"name":{"first":"Korey","middle":"R","last":"Orn"},"last_modified":"2012-12-11T17:00:21.470Z","created":"2012-11-07T00:44:58.917Z","id":"4fee004cca2e43cf2700000b"},"uri":"/v1.1/students/4fee004cca2e43cf2700000b"},{"data":{"district":"4fd43cc56d11340000000005","dob":"3/14/2000","email":"ken@mailinator.com","frl_status":"Paid","gender":"F","grade":"7","hispanic_ethnicity":"Y","race":"Caucasian","school":"4fee004cca2e43cf27000002","sis_id":"8395","state_id":"1157165","student_number":"40818","credentials":{"district_username":"K.Rippin","district_password":"0314"},"location":{"address":"23101
        Rolfson Manor","city":"Port Jakob","state":"LA","zip":"82787-5057","lat":"-85.01329001504928","lon":"-54.14428571239114"},"name":{"first":"Kathryne","middle":"U","last":"Rippin"},"last_modified":"2012-12-11T17:00:21.472Z","created":"2012-11-07T00:44:59.497Z","id":"4fee004cca2e43cf2700002b"},"uri":"/v1.1/students/4fee004cca2e43cf2700002b"}],"links":[{"rel":"self","uri":"/v1.1/districts/4fd43cc56d11340000000005/students?limit=2"},{"rel":"next","uri":"/v1.1/districts/4fd43cc56d11340000000005/students?limit=2&page=2"}]}'
    http_version: 
  recorded_at: Wed, 09 Oct 2013 21:53:40 GMT
recorded_with: VCR 2.4.0
